../Core/Src/stm32f3xx_it.c:79:6:NMI_Handler	4	static
../Core/Src/stm32f3xx_it.c:94:6:HardFault_Handler	4	static
../Core/Src/stm32f3xx_it.c:109:6:MemManage_Handler	4	static
../Core/Src/stm32f3xx_it.c:124:6:BusFault_Handler	4	static
../Core/Src/stm32f3xx_it.c:139:6:UsageFault_Handler	4	static
../Core/Src/stm32f3xx_it.c:154:6:DebugMon_Handler	4	static
../Core/Src/stm32f3xx_it.c:174:6:DMA1_Channel1_IRQHandler	8	static
../Core/Src/stm32f3xx_it.c:188:6:DMA1_Channel4_IRQHandler	8	static
../Core/Src/stm32f3xx_it.c:202:6:DMA1_Channel5_IRQHandler	8	static
../Core/Src/stm32f3xx_it.c:216:6:DMA1_Channel6_IRQHandler	8	static
../Core/Src/stm32f3xx_it.c:230:6:EXTI9_5_IRQHandler	8	static
../Core/Src/stm32f3xx_it.c:246:6:TIM1_BRK_TIM15_IRQHandler	8	static
../Core/Src/stm32f3xx_it.c:261:6:TIM1_UP_TIM16_IRQHandler	8	static
../Core/Src/stm32f3xx_it.c:276:6:USART1_IRQHandler	8	static
../Core/Src/stm32f3xx_it.c:290:6:USART2_IRQHandler	8	static
../Core/Src/stm32f3xx_it.c:304:6:EXTI15_10_IRQHandler	8	static
../Core/Src/stm32f3xx_it.c:318:6:TIM6_DAC_IRQHandler	8	static
