Archive member included to satisfy reference by file (symbol)

C:/ST/STM32CubeIDE_1.13.2/STM32CubeIDE/plugins/com.st.stm32cube.ide.mcu.externaltools.gnu-tools-for-stm32.11.3.rel1.win32_1.1.1.202309131626/tools/bin/../lib/gcc/arm-none-eabi/11.3.1/../../../../arm-none-eabi/lib/thumb/v7e-m+fp/hard\libc_nano.a(libc_a-atoi.o)
                              ./Core/Src/Service/uartService.o (atoi)
C:/ST/STM32CubeIDE_1.13.2/STM32CubeIDE/plugins/com.st.stm32cube.ide.mcu.externaltools.gnu-tools-for-stm32.11.3.rel1.win32_1.1.1.202309131626/tools/bin/../lib/gcc/arm-none-eabi/11.3.1/../../../../arm-none-eabi/lib/thumb/v7e-m+fp/hard\libc_nano.a(libc_a-exit.o)
                              C:/ST/STM32CubeIDE_1.13.2/STM32CubeIDE/plugins/com.st.stm32cube.ide.mcu.externaltools.gnu-tools-for-stm32.11.3.rel1.win32_1.1.1.202309131626/tools/bin/../lib/gcc/arm-none-eabi/11.3.1/../../../../arm-none-eabi/lib/thumb/v7e-m+fp/hard/crt0.o (exit)
C:/ST/STM32CubeIDE_1.13.2/STM32CubeIDE/plugins/com.st.stm32cube.ide.mcu.externaltools.gnu-tools-for-stm32.11.3.rel1.win32_1.1.1.202309131626/tools/bin/../lib/gcc/arm-none-eabi/11.3.1/../../../../arm-none-eabi/lib/thumb/v7e-m+fp/hard\libc_nano.a(libc_a-strtol.o)
                              C:/ST/STM32CubeIDE_1.13.2/STM32CubeIDE/plugins/com.st.stm32cube.ide.mcu.externaltools.gnu-tools-for-stm32.11.3.rel1.win32_1.1.1.202309131626/tools/bin/../lib/gcc/arm-none-eabi/11.3.1/../../../../arm-none-eabi/lib/thumb/v7e-m+fp/hard\libc_nano.a(libc_a-atoi.o) (_strtol_r)
C:/ST/STM32CubeIDE_1.13.2/STM32CubeIDE/plugins/com.st.stm32cube.ide.mcu.externaltools.gnu-tools-for-stm32.11.3.rel1.win32_1.1.1.202309131626/tools/bin/../lib/gcc/arm-none-eabi/11.3.1/../../../../arm-none-eabi/lib/thumb/v7e-m+fp/hard\libc_nano.a(libc_a-ctype_.o)
                              C:/ST/STM32CubeIDE_1.13.2/STM32CubeIDE/plugins/com.st.stm32cube.ide.mcu.externaltools.gnu-tools-for-stm32.11.3.rel1.win32_1.1.1.202309131626/tools/bin/../lib/gcc/arm-none-eabi/11.3.1/../../../../arm-none-eabi/lib/thumb/v7e-m+fp/hard\libc_nano.a(libc_a-strtol.o) (_ctype_)
C:/ST/STM32CubeIDE_1.13.2/STM32CubeIDE/plugins/com.st.stm32cube.ide.mcu.externaltools.gnu-tools-for-stm32.11.3.rel1.win32_1.1.1.202309131626/tools/bin/../lib/gcc/arm-none-eabi/11.3.1/../../../../arm-none-eabi/lib/thumb/v7e-m+fp/hard\libc_nano.a(libc_a-findfp.o)
                              C:/ST/STM32CubeIDE_1.13.2/STM32CubeIDE/plugins/com.st.stm32cube.ide.mcu.externaltools.gnu-tools-for-stm32.11.3.rel1.win32_1.1.1.202309131626/tools/bin/../lib/gcc/arm-none-eabi/11.3.1/../../../../arm-none-eabi/lib/thumb/v7e-m+fp/hard\libc_nano.a(libc_a-exit.o) (__stdio_exit_handler)
C:/ST/STM32CubeIDE_1.13.2/STM32CubeIDE/plugins/com.st.stm32cube.ide.mcu.externaltools.gnu-tools-for-stm32.11.3.rel1.win32_1.1.1.202309131626/tools/bin/../lib/gcc/arm-none-eabi/11.3.1/../../../../arm-none-eabi/lib/thumb/v7e-m+fp/hard\libc_nano.a(libc_a-fwalk.o)
                              C:/ST/STM32CubeIDE_1.13.2/STM32CubeIDE/plugins/com.st.stm32cube.ide.mcu.externaltools.gnu-tools-for-stm32.11.3.rel1.win32_1.1.1.202309131626/tools/bin/../lib/gcc/arm-none-eabi/11.3.1/../../../../arm-none-eabi/lib/thumb/v7e-m+fp/hard\libc_nano.a(libc_a-findfp.o) (_fwalk_sglue)
C:/ST/STM32CubeIDE_1.13.2/STM32CubeIDE/plugins/com.st.stm32cube.ide.mcu.externaltools.gnu-tools-for-stm32.11.3.rel1.win32_1.1.1.202309131626/tools/bin/../lib/gcc/arm-none-eabi/11.3.1/../../../../arm-none-eabi/lib/thumb/v7e-m+fp/hard\libc_nano.a(libc_a-snprintf.o)
                              ./Core/Src/Service/uartService.o (sniprintf)
C:/ST/STM32CubeIDE_1.13.2/STM32CubeIDE/plugins/com.st.stm32cube.ide.mcu.externaltools.gnu-tools-for-stm32.11.3.rel1.win32_1.1.1.202309131626/tools/bin/../lib/gcc/arm-none-eabi/11.3.1/../../../../arm-none-eabi/lib/thumb/v7e-m+fp/hard\libc_nano.a(libc_a-stdio.o)
                              C:/ST/STM32CubeIDE_1.13.2/STM32CubeIDE/plugins/com.st.stm32cube.ide.mcu.externaltools.gnu-tools-for-stm32.11.3.rel1.win32_1.1.1.202309131626/tools/bin/../lib/gcc/arm-none-eabi/11.3.1/../../../../arm-none-eabi/lib/thumb/v7e-m+fp/hard\libc_nano.a(libc_a-findfp.o) (__sread)
C:/ST/STM32CubeIDE_1.13.2/STM32CubeIDE/plugins/com.st.stm32cube.ide.mcu.externaltools.gnu-tools-for-stm32.11.3.rel1.win32_1.1.1.202309131626/tools/bin/../lib/gcc/arm-none-eabi/11.3.1/../../../../arm-none-eabi/lib/thumb/v7e-m+fp/hard\libc_nano.a(libc_a-memset.o)
                              C:/ST/STM32CubeIDE_1.13.2/STM32CubeIDE/plugins/com.st.stm32cube.ide.mcu.externaltools.gnu-tools-for-stm32.11.3.rel1.win32_1.1.1.202309131626/tools/bin/../lib/gcc/arm-none-eabi/11.3.1/../../../../arm-none-eabi/lib/thumb/v7e-m+fp/hard/crt0.o (memset)
C:/ST/STM32CubeIDE_1.13.2/STM32CubeIDE/plugins/com.st.stm32cube.ide.mcu.externaltools.gnu-tools-for-stm32.11.3.rel1.win32_1.1.1.202309131626/tools/bin/../lib/gcc/arm-none-eabi/11.3.1/../../../../arm-none-eabi/lib/thumb/v7e-m+fp/hard\libc_nano.a(libc_a-strtok.o)
                              ./Core/Src/Service/uartService.o (strtok)
[...]
Memory Configuration

Name             Origin             Length             Attributes
RAM              0x0000000020000000 0x0000000000004000 xrw
FLASH            0x0000000008000000 0x0000000000010000 xr
*default*        0x0000000000000000 0xffffffffffffffff

Linker script and memory map

LOAD C:/ST/STM32CubeIDE_1.13.2/STM32CubeIDE/plugins/com.st.stm32cube.ide.mcu.externaltools.gnu-tools-for-stm32.11.3.rel1.win32_1.1.1.202309131626/tools/bin/../lib/gcc/arm-none-eabi/11.3.1/thumb/v7e-m+fp/hard/crti.o
LOAD C:/ST/STM32CubeIDE_1.13.2/STM32CubeIDE/plugins/com.st.stm32cube.ide.mcu.externaltools.gnu-tools-for-stm32.11.3.rel1.win32_1.1.1.202309131626/tools/bin/../lib/gcc/arm-none-eabi/11.3.1/thumb/v7e-m+fp/hard/crtbegin.o
LOAD C:/ST/STM32CubeIDE_1.13.2/STM32CubeIDE/plugins/com.st.stm32cube.ide.mcu.externaltools.gnu-tools-for-stm32.11.3.rel1.win32_1.1.1.202309131626/tools/bin/../lib/gcc/arm-none-eabi/11.3.1/../../../../arm-none-eabi/lib/thumb/v7e-m+fp/hard/crt0.o
LOAD ./Core/Src/Service/motorService.o
LOAD ./Core/Src/Service/sensorService.o
LOAD ./Core/Src/Service/uartService.o
LOAD ./Core/Src/adc.o
LOAD ./Core/Src/dma.o
LOAD ./Core/Src/freertos.o
LOAD ./Core/Src/gpio.o
LOAD ./Core/Src/main.o
LOAD ./Core/Src/stm32f3xx_hal_msp.o
LOAD ./Core/Src/stm32f3xx_hal_timebase_tim.o
LOAD ./Core/Src/stm32f3xx_it.o
LOAD ./Core/Src/syscalls.o
LOAD ./Core/Src/sysmem.o
LOAD ./Core/Src/system_stm32f3xx.o
LOAD ./Core/Src/tim.o
LOAD ./Core/Src/usart.o
LOAD ./Core/Startup/startup_stm32f302r8tx.o
LOAD ./Drivers/STM32F3xx_HAL_Driver/Src/stm32f3xx_hal.o
LOAD ./Drivers/STM32F3xx_HAL_Driver/Src/stm32f3xx_hal_adc.o
LOAD ./Drivers/STM32F3xx_HAL_Driver/Src/stm32f3xx_hal_adc_ex.o
LOAD ./Drivers/STM32F3xx_HAL_Driver/Src/stm32f3xx_hal_cortex.o
LOAD ./Drivers/STM32F3xx_HAL_Driver/Src/stm32f3xx_hal_dma.o
LOAD ./Drivers/STM32F3xx_HAL_Driver/Src/stm32f3xx_hal_exti.o
LOAD ./Drivers/STM32F3xx_HAL_Driver/Src/stm32f3xx_hal_flash.o
LOAD ./Drivers/STM32F3xx_HAL_Driver/Src/stm32f3xx_hal_flash_ex.o
LOAD ./Drivers/STM32F3xx_HAL_Driver/Src/stm32f3xx_hal_gpio.o
LOAD ./Drivers/STM32F3xx_HAL_Driver/Src/stm32f3xx_hal_i2c.o
LOAD ./Drivers/STM32F3xx_HAL_Driver/Src/stm32f3xx_hal_i2c_ex.o
LOAD ./Drivers/STM32F3xx_HAL_Driver/Src/stm32f3xx_hal_pwr.o
LOAD ./Drivers/STM32F3xx_HAL_Driver/Src/stm32f3xx_hal_pwr_ex.o
LOAD ./Drivers/STM32F3xx_HAL_Driver/Src/stm32f3xx_hal_rcc.o
LOAD ./Drivers/STM32F3xx_HAL_Driver/Src/stm32f3xx_hal_rcc_ex.o
LOAD ./Drivers/STM32F3xx_HAL_Driver/Src/stm32f3xx_hal_tim.o
LOAD ./Drivers/STM32F3xx_HAL_Driver/Src/stm32f3xx_hal_tim_ex.o
LOAD ./Drivers/STM32F3xx_HAL_Driver/Src/stm32f3xx_hal_uart.o
LOAD ./Drivers/STM32F3xx_HAL_Driver/Src/stm32f3xx_hal_uart_ex.o
LOAD ./Middlewares/Third_Party/FreeRTOS/Source/CMSIS_RTOS/cmsis_os.o
LOAD ./Middlewares/Third_Party/FreeRTOS/Source/croutine.o
LOAD ./Middlewares/Third_Party/FreeRTOS/Source/event_groups.o
LOAD ./Middlewares/Third_Party/FreeRTOS/Source/list.o
LOAD ./Middlewares/Third_Party/FreeRTOS/Source/queue.o
LOAD ./Middlewares/Third_Party/FreeRTOS/Source/stream_buffer.o
LOAD ./Middlewares/Third_Party/FreeRTOS/Source/tasks.o
LOAD ./Middlewares/Third_Party/FreeRTOS/Source/timers.o
LOAD ./Middlewares/Third_Party/FreeRTOS/Source/portable/GCC/ARM_CM4F/port.o
LOAD ./Middlewares/Third_Party/FreeRTOS/Source/portable/MemMang/heap_4.o
START GROUP
LOAD C:/ST/STM32CubeIDE_1.13.2/STM32CubeIDE/plugins/com.st.stm32cube.ide.mcu.externaltools.gnu-tools-for-stm32.11.3.rel1.win32_1.1.1.202309131626/tools/bin/../lib/gcc/arm-none-eabi/11.3.1/../../../../arm-none-eabi/lib/thumb/v7e-m+fp/hard\libc_nano.a
LOAD C:/ST/STM32CubeIDE_1.13.2/STM32CubeIDE/plugins/com.st.stm32cube.ide.mcu.externaltools.gnu-tools-for-stm32.11.3.rel1.win32_1.1.1.202309131626/tools/bin/../lib/gcc/arm-none-eabi/11.3.1/../../../../arm-none-eabi/lib/thumb/v7e-m+fp/hard\libm.a
END GROUP
START GROUP
LOAD C:/ST/STM32CubeIDE_1.13.2/STM32CubeIDE/plugins/com.st.stm32cube.ide.mcu.externaltools.gnu-tools-for-stm32.11.3.rel1.win32_1.1.1.202309131626/tools/bin/../lib/gcc/arm-none-eabi/11.3.1/thumb/v7e-m+fp/hard\libgcc.a
LOAD C:/ST/STM32CubeIDE_1.13.2/STM32CubeIDE/plugins/com.st.stm32cube.ide.mcu.externaltools.gnu-tools-for-stm32.11.3.rel1.win32_1.1.1.202309131626/tools/bin/../lib/gcc/arm-none-eabi/11.3.1/../../../../arm-none-eabi/lib/thumb/v7e-m+fp/hard\libc_nano.a
END GROUP
START GROUP
LOAD C:/ST/STM32CubeIDE_1.13.2/STM32CubeIDE/plugins/com.st.stm32cube.ide.mcu.externaltools.gnu-tools-for-stm32.11.3.rel1.win32_1.1.1.202309131626/tools/bin/../lib/gcc/arm-none-eabi/11.3.1/thumb/v7e-m+fp/hard\libgcc.a
LOAD C:/ST/STM32CubeIDE_1.13.2/STM32CubeIDE/plugins/com.st.stm32cube.ide.mcu.externaltools.gnu-tools-for-stm32.11.3.rel1.win32_1.1.1.202309131626/tools/bin/../lib/gcc/arm-none-eabi/11.3.1/../../../../arm-none-eabi/lib/thumb/v7e-m+fp/hard\libc_nano.a
LOAD C:/ST/STM32CubeIDE_1.13.2/STM32CubeIDE/plugins/com.st.stm32cube.ide.mcu.externaltools.gnu-tools-for-stm32.11.3.rel1.win32_1.1.1.202309131626/tools/bin/../lib/gcc/arm-none-eabi/11.3.1/../../../../arm-none-eabi/lib/thumb/v7e-m+fp/hard\libnosys.a
END GROUP
START GROUP
LOAD C:/ST/STM32CubeIDE_1.13.2/STM32CubeIDE/plugins/com.st.stm32cube.ide.mcu.externaltools.gnu-tools-for-stm32.11.3.rel1.win32_1.1.1.202309131626/tools/bin/../lib/gcc/arm-none-eabi/11.3.1/thumb/v7e-m+fp/hard\libgcc.a
LOAD C:/ST/STM32CubeIDE_1.13.2/STM32CubeIDE/plugins/com.st.stm32cube.ide.mcu.externaltools.gnu-tools-for-stm32.11.3.rel1.win32_1.1.1.202309131626/tools/bin/../lib/gcc/arm-none-eabi/11.3.1/../../../../arm-none-eabi/lib/thumb/v7e-m+fp/hard\libc_nano.a
LOAD C:/ST/STM32CubeIDE_1.13.2/STM32CubeIDE/plugins/com.st.stm32cube.ide.mcu.externaltools.gnu-tools-for-stm32.11.3.rel1.win32_1.1.1.202309131626/tools/bin/../lib/gcc/arm-none-eabi/11.3.1/../../../../arm-none-eabi/lib/thumb/v7e-m+fp/hard\libnosys.a
END GROUP
LOAD C:/ST/STM32CubeIDE_1.13.2/STM32CubeIDE/plugins/com.st.stm32cube.ide.mcu.externaltools.gnu-tools-for-stm32.11.3.rel1.win32_1.1.1.202309131626/tools/bin/../lib/gcc/arm-none-eabi/11.3.1/thumb/v7e-m+fp/hard/crtend.o
LOAD C:/ST/STM32CubeIDE_1.13.2/STM32CubeIDE/plugins/com.st.stm32cube.ide.mcu.externaltools.gnu-tools-for-stm32.11.3.rel1.win32_1.1.1.202309131626/tools/bin/../lib/gcc/arm-none-eabi/11.3.1/thumb/v7e-m+fp/hard/crtn.o
                0x0000000020004000                _estack = (ORIGIN (RAM) + LENGTH (RAM))
                0x0000000000000200                _Min_Heap_Size = 0x200
                0x0000000000000400                _Min_Stack_Size = 0x400

.isr_vector     0x0000000008000000      0x188
                0x0000000008000000                . = ALIGN (0x4)
 *(.isr_vector)
 .isr_vector    0x0000000008000000      0x188 ./Core/Startup/startup_stm32f302r8tx.o
                0x0000000008000000                g_pfnVectors
                0x0000000008000188                . = ALIGN (0x4)

.text           0x0000000008000190     0xbcb4
                0x0000000008000190                . = ALIGN (0x4)
 *(.text)
 .text          0x0000000008000190       0x40 C:/ST/STM32CubeIDE_1.13.2/STM32CubeIDE/plugins/com.st.stm32cube.ide.mcu.externaltools.gnu-tools-for-stm32.11.3.rel1.win32_1.1.1.202309131626/tools/bin/../lib/gcc/arm-none-eabi/11.3.1/thumb/v7e-m+fp/hard/crtbegin.o
 .text          0x00000000080001d0       0xa0 C:/ST/STM32CubeIDE_1.13.2/STM32CubeIDE/plugins/com.st.stm32cube.ide.mcu.externaltools.gnu-tools-for-stm32.11.3.rel1.win32_1.1.1.202309131626/tools/bin/../lib/gcc/arm-none-eabi/11.3.1/../../../../arm-none-eabi/lib/thumb/v7e-m+fp/hard\libc_nano.a(libc_a-memchr.o)
                0x00000000080001d0                memchr
 .text          0x0000000008000270      0x378 C:/ST/STM32CubeIDE_1.13.2/STM32CubeIDE/plugins/com.st.stm32cube.ide.mcu.externaltools.gnu-tools-for-stm32.11.3.rel1.win32_1.1.1.202309131626/tools/bin/../lib/gcc/arm-none-eabi/11.3.1/thumb/v7e-m+fp/hard\libgcc.a(_arm_addsubdf3.o)
                0x0000000008000270                __aeabi_drsub
                0x0000000008000278                __aeabi_dsub
                0x0000000008000278                __subdf3
                0x000000000800027c                __aeabi_dadd
                0x000000000800027c                __adddf3
                0x00000000080004f4                __floatunsidf
                0x00000000080004f4                __aeabi_ui2d
                0x0000000008000514                __floatsidf
                0x0000000008000514                __aeabi_i2d
                0x0000000008000538                __aeabi_f2d
                0x0000000008000538                __extendsfdf2
                0x000000000800057c                __floatundidf
                0x000000000800057c                __aeabi_ul2d
                0x000000000800058c                __floatdidf
                0x000000000800058c                __aeabi_l2d
 .text          0x00000000080005e8      0x424 C:/ST/STM32CubeIDE_1.13.2/STM32CubeIDE/plugins/com.st.stm32cube.ide.mcu.externaltools.gnu-tools-for-stm32.11.3.rel1.win32_1.1.1.202309131626/tools/bin/../lib/gcc/arm-none-eabi/11.3.1/thumb/v7e-m+fp/hard\libgcc.a(_arm_muldivdf3.o)
                0x00000000080005e8                __aeabi_dmul
                0x00000000080005e8                __muldf3
                0x000000000800083c                __divdf3
                0x000000000800083c                __aeabi_ddiv
 .text          0x0000000008000a0c       0xa0 C:/ST/STM32CubeIDE_1.13.2/STM32CubeIDE/plugins/com.st.stm32cube.ide.mcu.externaltools.gnu-tools-for-stm32.11.3.rel1.win32_1.1.1.202309131626/tools/bin/../lib/gcc/arm-none-eabi/11.3.1/thumb/v7e-m+fp/hard\libgcc.a(_arm_truncdfsf2.o)
                0x0000000008000a0c                __truncdfsf2
                0x0000000008000a0c                __aeabi_d2f
 *(.text*)
 .text.MotorServiceMotorInit
                0x0000000008000aac       0x6c ./Core/Src/Service/motorService.o
                0x0000000008000aac                MotorServiceMotorInit
 .text.MotorServiceMotorHoming
                0x0000000008000b18       0x86 ./Core/Src/Service/motorService.o
                0x0000000008000b18                MotorServiceMotorHoming
 .text.MotorServiceMotorStop
                0x0000000008000b9e       0x22 ./Core/Src/Service/motorService.o
                0x0000000008000b9e                MotorServiceMotorStop
 .text.MotorServiceMotorControl
                0x0000000008000bc0       0xa8 ./Core/Src/Service/motorService.o
                0x0000000008000bc0                MotorServiceMotorControl
 .text.MotorServiceAutoMode
                0x0000000008000c68      0x1e8 ./Core/Src/Service/motorService.o
                0x0000000008000c68                MotorServiceAutoMode
 .text.MotorServiceManualMode
                0x0000000008000e50      0x1a8 ./Core/Src/Service/motorService.o
                0x0000000008000e50                MotorServiceManualMode
 .text.MotorServiceVerticalCurrentPosition
                0x0000000008000ff8       0x46 ./Core/Src/Service/motorService.o
                0x0000000008000ff8                MotorServiceVerticalCurrentPosition
 .text.MotorServiceHorizontalCurrentPosition
                0x000000000800103e       0x46 ./Core/Src/Service/motorService.o
                0x000000000800103e                MotorServiceHorizontalCurrentPosition
 *fill*         0x0000000008001084        0x4 
 .text.SensorServiceADC2Resistance
                0x0000000008001088       0xcc ./Core/Src/Service/sensorService.o
                0x0000000008001088                SensorServiceADC2Resistance
 *fill*         0x0000000008001154        0x4 
 .text.SensorServiceADC2Voltage
                0x0000000008001158       0x68 ./Core/Src/Service/sensorService.o
                0x0000000008001158                SensorServiceADC2Voltage
 .text.SensorServiceReadLimiter
                0x00000000080011c0       0x48 ./Core/Src/Service/sensorService.o
                0x00000000080011c0                SensorServiceReadLimiter
 .text.uartServiceManualModePositionSettings
                0x0000000008001208       0x88 ./Core/Src/Service/uartService.o
                0x0000000008001208                uartServiceManualModePositionSettings
 .text.uartServiceSendCurrentPosition
                0x0000000008001290       0x7c ./Core/Src/Service/uartService.o
                0x0000000008001290                uartServiceSendCurrentPosition
 .text.MX_ADC1_Init
                0x000000000800130c      0x114 ./Core/Src/adc.o
                0x000000000800130c                MX_ADC1_Init
 .text.HAL_ADC_MspInit
                0x0000000008001420       0xd4 ./Core/Src/adc.o
                0x0000000008001420                HAL_ADC_MspInit
 .text.MX_DMA_Init
                0x00000000080014f4       0x6c ./Core/Src/dma.o
                0x00000000080014f4                MX_DMA_Init
 .text.vApplicationGetIdleTaskMemory
                0x0000000008001560       0x34 ./Core/Src/freertos.o
                0x0000000008001560                vApplicationGetIdleTaskMemory
 .text.MX_FREERTOS_Init
                0x0000000008001594      0x17c ./Core/Src/freertos.o
                0x0000000008001594                MX_FREERTOS_Init
 .text.StartRxUART
                0x0000000008001710       0x44 ./Core/Src/freertos.o
                0x0000000008001710                StartRxUART
 .text.StartADC2Resistance
                0x0000000008001754       0x50 ./Core/Src/freertos.o
                0x0000000008001754                StartADC2Resistance
 .text.StartMotorControl
                0x00000000080017a4       0xa4 ./Core/Src/freertos.o
                0x00000000080017a4                StartMotorControl
 .text.StartLimiterHandling
                0x0000000008001848       0x58 ./Core/Src/freertos.o
                0x0000000008001848                StartLimiterHandling
 .text.StartTask05
                0x00000000080018a0       0x2c ./Core/Src/freertos.o
                0x00000000080018a0                StartTask05
 .text.MX_GPIO_Init
                0x00000000080018cc      0x128 ./Core/Src/gpio.o
                0x00000000080018cc                MX_GPIO_Init
 .text.HAL_GPIO_EXTI_Callback
                0x00000000080019f4       0x70 ./Core/Src/main.o
                0x00000000080019f4                HAL_GPIO_EXTI_Callback
 .text.HAL_UART_RxCpltCallback
                0x0000000008001a64       0x48 ./Core/Src/main.o
                0x0000000008001a64                HAL_UART_RxCpltCallback
 .text.MotorandModeInit
                0x0000000008001aac       0x6c ./Core/Src/main.o
                0x0000000008001aac                MotorandModeInit
 .text.main     0x0000000008001b18       0x80 ./Core/Src/main.o
                0x0000000008001b18                main
 .text.SystemClock_Config
                0x0000000008001b98       0xc4 ./Core/Src/main.o
                0x0000000008001b98                SystemClock_Config
 .text.HAL_TIM_PeriodElapsedCallback
                0x0000000008001c5c       0x5c ./Core/Src/main.o
                0x0000000008001c5c                HAL_TIM_PeriodElapsedCallback
 .text.Error_Handler
                0x0000000008001cb8        0xa ./Core/Src/main.o
                0x0000000008001cb8                Error_Handler
 *fill*         0x0000000008001cc2        0x2 
 .text.HAL_MspInit
                0x0000000008001cc4       0x50 ./Core/Src/stm32f3xx_hal_msp.o
                0x0000000008001cc4                HAL_MspInit
 .text.HAL_InitTick
                0x0000000008001d14       0xf4 ./Core/Src/stm32f3xx_hal_timebase_tim.o
                0x0000000008001d14                HAL_InitTick
 .text.NMI_Handler
                0x0000000008001e08        0x6 ./Core/Src/stm32f3xx_it.o
                0x0000000008001e08                NMI_Handler
 .text.HardFault_Handler
                0x0000000008001e0e        0x6 ./Core/Src/stm32f3xx_it.o
                0x0000000008001e0e                HardFault_Handler
 .text.MemManage_Handler
                0x0000000008001e14        0x6 ./Core/Src/stm32f3xx_it.o
                0x0000000008001e14                MemManage_Handler
 .text.BusFault_Handler
                0x0000000008001e1a        0x6 ./Core/Src/stm32f3xx_it.o
                0x0000000008001e1a                BusFault_Handler
 .text.UsageFault_Handler
                0x0000000008001e20        0x6 ./Core/Src/stm32f3xx_it.o
                0x0000000008001e20                UsageFault_Handler
 .text.DebugMon_Handler
                0x0000000008001e26        0xe ./Core/Src/stm32f3xx_it.o
                0x0000000008001e26                DebugMon_Handler
 .text.DMA1_Channel1_IRQHandler
                0x0000000008001e34       0x14 ./Core/Src/stm32f3xx_it.o
                0x0000000008001e34                DMA1_Channel1_IRQHandler
 .text.DMA1_Channel4_IRQHandler
                0x0000000008001e48       0x14 ./Core/Src/stm32f3xx_it.o
                0x0000000008001e48                DMA1_Channel4_IRQHandler
 .text.DMA1_Channel5_IRQHandler
                0x0000000008001e5c       0x14 ./Core/Src/stm32f3xx_it.o
                0x0000000008001e5c                DMA1_Channel5_IRQHandler
 .text.DMA1_Channel6_IRQHandler
                0x0000000008001e70       0x14 ./Core/Src/stm32f3xx_it.o
                0x0000000008001e70                DMA1_Channel6_IRQHandler
 .text.EXTI9_5_IRQHandler
                0x0000000008001e84       0x1e ./Core/Src/stm32f3xx_it.o
                0x0000000008001e84                EXTI9_5_IRQHandler
 *fill*         0x0000000008001ea2        0x2 
 .text.TIM1_BRK_TIM15_IRQHandler
                0x0000000008001ea4       0x1c ./Core/Src/stm32f3xx_it.o
                0x0000000008001ea4                TIM1_BRK_TIM15_IRQHandler
 .text.TIM1_UP_TIM16_IRQHandler
                0x0000000008001ec0       0x1c ./Core/Src/stm32f3xx_it.o
                0x0000000008001ec0                TIM1_UP_TIM16_IRQHandler
 .text.USART1_IRQHandler
                0x0000000008001edc       0x14 ./Core/Src/stm32f3xx_it.o
                0x0000000008001edc                USART1_IRQHandler
 .text.USART2_IRQHandler
                0x0000000008001ef0       0x14 ./Core/Src/stm32f3xx_it.o
                0x0000000008001ef0                USART2_IRQHandler
 .text.EXTI15_10_IRQHandler
                0x0000000008001f04       0x10 ./Core/Src/stm32f3xx_it.o
                0x0000000008001f04                EXTI15_10_IRQHandler
 .text.TIM6_DAC_IRQHandler
                0x0000000008001f14       0x14 ./Core/Src/stm32f3xx_it.o
                0x0000000008001f14                TIM6_DAC_IRQHandler
 .text._getpid  0x0000000008001f28       0x10 ./Core/Src/syscalls.o
                0x0000000008001f28                _getpid
 .text._kill    0x0000000008001f38       0x20 ./Core/Src/syscalls.o
                0x0000000008001f38                _kill
 .text._exit    0x0000000008001f58       0x14 ./Core/Src/syscalls.o
                0x0000000008001f58                _exit
 .text._read    0x0000000008001f6c       0x3a ./Core/Src/syscalls.o
                0x0000000008001f6c                _read
 .text._write   0x0000000008001fa6       0x38 ./Core/Src/syscalls.o
                0x0000000008001fa6                _write
 .text._close   0x0000000008001fde       0x18 ./Core/Src/syscalls.o
                0x0000000008001fde                _close
 .text._fstat   0x0000000008001ff6       0x20 ./Core/Src/syscalls.o
                0x0000000008001ff6                _fstat
 .text._isatty  0x0000000008002016       0x16 ./Core/Src/syscalls.o
                0x0000000008002016                _isatty
 .text._lseek   0x000000000800202c       0x1a ./Core/Src/syscalls.o
                0x000000000800202c                _lseek
 *fill*         0x0000000008002046        0x2 
 .text._sbrk    0x0000000008002048       0x6c ./Core/Src/sysmem.o
                0x0000000008002048                _sbrk
 .text.SystemInit
                0x00000000080020b4       0x24 ./Core/Src/system_stm32f3xx.o
                0x00000000080020b4                SystemInit
 .text.MX_TIM1_Init
                0x00000000080020d8       0xb4 ./Core/Src/tim.o
                0x00000000080020d8                MX_TIM1_Init
 .text.MX_TIM2_Init
                0x000000000800218c       0xf0 ./Core/Src/tim.o
                0x000000000800218c                MX_TIM2_Init
 .text.MX_TIM15_Init
                0x000000000800227c       0xa8 ./Core/Src/tim.o
                0x000000000800227c                MX_TIM15_Init
 .text.MX_TIM16_Init
                0x0000000008002324       0xf4 ./Core/Src/tim.o
                0x0000000008002324                MX_TIM16_Init
 .text.HAL_TIM_Base_MspInit
                0x0000000008002418      0x13c ./Core/Src/tim.o
                0x0000000008002418                HAL_TIM_Base_MspInit
 .text.HAL_TIM_MspPostInit
                0x0000000008002554       0xb8 ./Core/Src/tim.o
                0x0000000008002554                HAL_TIM_MspPostInit
 .text.MX_USART1_UART_Init
                0x000000000800260c       0x60 ./Core/Src/usart.o
                0x000000000800260c                MX_USART1_UART_Init
 .text.MX_USART2_UART_Init
                0x000000000800266c       0x60 ./Core/Src/usart.o
                0x000000000800266c                MX_USART2_UART_Init
 .text.HAL_UART_MspInit
                0x00000000080026cc      0x208 ./Core/Src/usart.o
                0x00000000080026cc                HAL_UART_MspInit
 .text.Reset_Handler
                0x00000000080028d4       0x50 ./Core/Startup/startup_stm32f302r8tx.o
                0x00000000080028d4                Reset_Handler
 .text.Default_Handler
                0x0000000008002924        0x2 ./Core/Startup/startup_stm32f302r8tx.o
                0x0000000008002924                RTC_Alarm_IRQHandler
                0x0000000008002924                TIM1_CC_IRQHandler
                0x0000000008002924                USB_HP_IRQHandler
                0x0000000008002924                PVD_IRQHandler
                0x0000000008002924                TAMP_STAMP_IRQHandler
                0x0000000008002924                EXTI3_IRQHandler
                0x0000000008002924                I2C3_ER_IRQHandler
                0x0000000008002924                USB_HP_CAN_TX_IRQHandler
                0x0000000008002924                EXTI0_IRQHandler
                0x0000000008002924                I2C2_EV_IRQHandler
                0x0000000008002924                FPU_IRQHandler
                0x0000000008002924                CAN_SCE_IRQHandler
                0x0000000008002924                ADC1_IRQHandler
                0x0000000008002924                USART3_IRQHandler
                0x0000000008002924                DMA1_Channel7_IRQHandler
                0x0000000008002924                CAN_RX1_IRQHandler
                0x0000000008002924                I2C1_EV_IRQHandler
                0x0000000008002924                RCC_IRQHandler
                0x0000000008002924                Default_Handler
                0x0000000008002924                USBWakeUp_RMP_IRQHandler
                0x0000000008002924                COMP2_IRQHandler
                0x0000000008002924                I2C3_EV_IRQHandler
                0x0000000008002924                RTC_WKUP_IRQHandler
                0x0000000008002924                SPI2_IRQHandler
                0x0000000008002924                USB_LP_CAN_RX0_IRQHandler
                0x0000000008002924                USB_LP_IRQHandler
                0x0000000008002924                EXTI4_IRQHandler
                0x0000000008002924                TIM1_TRG_COM_TIM17_IRQHandler
                0x0000000008002924                DMA1_Channel3_IRQHandler
                0x0000000008002924                WWDG_IRQHandler
                0x0000000008002924                TIM2_IRQHandler
                0x0000000008002924                EXTI1_IRQHandler
                0x0000000008002924                COMP4_6_IRQHandler
                0x0000000008002924                I2C2_ER_IRQHandler
                0x0000000008002924                DMA1_Channel2_IRQHandler
                0x0000000008002924                FLASH_IRQHandler
                0x0000000008002924                SPI3_IRQHandler
                0x0000000008002924                I2C1_ER_IRQHandler
                0x0000000008002924                USBWakeUp_IRQHandler
                0x0000000008002924                EXTI2_TSC_IRQHandler
 *fill*         0x0000000008002926        0x2 
 .text.HAL_Init
                0x0000000008002928       0x2c ./Drivers/STM32F3xx_HAL_Driver/Src/stm32f3xx_hal.o
                0x0000000008002928                HAL_Init
 .text.HAL_IncTick
                0x0000000008002954       0x28 ./Drivers/STM32F3xx_HAL_Driver/Src/stm32f3xx_hal.o
                0x0000000008002954                HAL_IncTick
 .text.HAL_GetTick
                0x000000000800297c       0x18 ./Drivers/STM32F3xx_HAL_Driver/Src/stm32f3xx_hal.o
                0x000000000800297c                HAL_GetTick
 .text.HAL_ADC_ConvCpltCallback
                0x0000000008002994       0x14 ./Drivers/STM32F3xx_HAL_Driver/Src/stm32f3xx_hal_adc.o
                0x0000000008002994                HAL_ADC_ConvCpltCallback
 .text.HAL_ADC_ConvHalfCpltCallback
                0x00000000080029a8       0x14 ./Drivers/STM32F3xx_HAL_Driver/Src/stm32f3xx_hal_adc.o
                0x00000000080029a8                HAL_ADC_ConvHalfCpltCallback
 .text.HAL_ADC_ErrorCallback
                0x00000000080029bc       0x14 ./Drivers/STM32F3xx_HAL_Driver/Src/stm32f3xx_hal_adc.o
                0x00000000080029bc                HAL_ADC_ErrorCallback
 .text.HAL_ADC_Init
                0x00000000080029d0      0x30c ./Drivers/STM32F3xx_HAL_Driver/Src/stm32f3xx_hal_adc_ex.o
                0x00000000080029d0                HAL_ADC_Init
 .text.HAL_ADC_Start_DMA
                0x0000000008002cdc      0x138 ./Drivers/STM32F3xx_HAL_Driver/Src/stm32f3xx_hal_adc_ex.o
                0x0000000008002cdc                HAL_ADC_Start_DMA
 .text.HAL_ADC_ConfigChannel
                0x0000000008002e14      0x564 ./Drivers/STM32F3xx_HAL_Driver/Src/stm32f3xx_hal_adc_ex.o
                0x0000000008002e14                HAL_ADC_ConfigChannel
 .text.ADC_DMAConvCplt
                0x0000000008003378       0x7a ./Drivers/STM32F3xx_HAL_Driver/Src/stm32f3xx_hal_adc_ex.o
 .text.ADC_DMAHalfConvCplt
                0x00000000080033f2       0x1c ./Drivers/STM32F3xx_HAL_Driver/Src/stm32f3xx_hal_adc_ex.o
 .text.ADC_DMAError
                0x000000000800340e       0x34 ./Drivers/STM32F3xx_HAL_Driver/Src/stm32f3xx_hal_adc_ex.o
 *fill*         0x0000000008003442        0x2 
 .text.ADC_Enable
                0x0000000008003444       0xc8 ./Drivers/STM32F3xx_HAL_Driver/Src/stm32f3xx_hal_adc_ex.o
 .text.ADC_Disable
                0x000000000800350c       0xcc ./Drivers/STM32F3xx_HAL_Driver/Src/stm32f3xx_hal_adc_ex.o
 .text.__NVIC_SetPriorityGrouping
                0x00000000080035d8       0x48 ./Drivers/STM32F3xx_HAL_Driver/Src/stm32f3xx_hal_cortex.o
 .text.__NVIC_GetPriorityGrouping
                0x0000000008003620       0x1c ./Drivers/STM32F3xx_HAL_Driver/Src/stm32f3xx_hal_cortex.o
 .text.__NVIC_EnableIRQ
                0x000000000800363c       0x3c ./Drivers/STM32F3xx_HAL_Driver/Src/stm32f3xx_hal_cortex.o
 .text.__NVIC_SetPriority
                0x0000000008003678       0x54 ./Drivers/STM32F3xx_HAL_Driver/Src/stm32f3xx_hal_cortex.o
 .text.NVIC_EncodePriority
                0x00000000080036cc       0x66 ./Drivers/STM32F3xx_HAL_Driver/Src/stm32f3xx_hal_cortex.o
 .text.HAL_NVIC_SetPriorityGrouping
                0x0000000008003732       0x16 ./Drivers/STM32F3xx_HAL_Driver/Src/stm32f3xx_hal_cortex.o
                0x0000000008003732                HAL_NVIC_SetPriorityGrouping
 .text.HAL_NVIC_SetPriority
                0x0000000008003748       0x38 ./Drivers/STM32F3xx_HAL_Driver/Src/stm32f3xx_hal_cortex.o
                0x0000000008003748                HAL_NVIC_SetPriority
 .text.HAL_NVIC_EnableIRQ
                0x0000000008003780       0x1c ./Drivers/STM32F3xx_HAL_Driver/Src/stm32f3xx_hal_cortex.o
                0x0000000008003780                HAL_NVIC_EnableIRQ
 .text.HAL_DMA_Init
                0x000000000800379c       0x8e ./Drivers/STM32F3xx_HAL_Driver/Src/stm32f3xx_hal_dma.o
                0x000000000800379c                HAL_DMA_Init
 .text.HAL_DMA_Start_IT
                0x000000000800382a       0xbe ./Drivers/STM32F3xx_HAL_Driver/Src/stm32f3xx_hal_dma.o
                0x000000000800382a                HAL_DMA_Start_IT
 .text.HAL_DMA_Abort
                0x00000000080038e8       0x7c ./Drivers/STM32F3xx_HAL_Driver/Src/stm32f3xx_hal_dma.o
                0x00000000080038e8                HAL_DMA_Abort
 .text.HAL_DMA_Abort_IT
                0x0000000008003964       0x7c ./Drivers/STM32F3xx_HAL_Driver/Src/stm32f3xx_hal_dma.o
                0x0000000008003964                HAL_DMA_Abort_IT
 .text.HAL_DMA_IRQHandler
                0x00000000080039e0      0x146 ./Drivers/STM32F3xx_HAL_Driver/Src/stm32f3xx_hal_dma.o
                0x00000000080039e0                HAL_DMA_IRQHandler
 .text.DMA_SetConfig
                0x0000000008003b26       0x5c ./Drivers/STM32F3xx_HAL_Driver/Src/stm32f3xx_hal_dma.o
 *fill*         0x0000000008003b82        0x2 
 .text.DMA_CalcBaseAndBitshift
                0x0000000008003b84       0x40 ./Drivers/STM32F3xx_HAL_Driver/Src/stm32f3xx_hal_dma.o
 .text.HAL_GPIO_Init
                0x0000000008003bc4      0x2e4 ./Drivers/STM32F3xx_HAL_Driver/Src/stm32f3xx_hal_gpio.o
                0x0000000008003bc4                HAL_GPIO_Init
 .text.HAL_GPIO_ReadPin
                0x0000000008003ea8       0x30 ./Drivers/STM32F3xx_HAL_Driver/Src/stm32f3xx_hal_gpio.o
                0x0000000008003ea8                HAL_GPIO_ReadPin
 .text.HAL_GPIO_WritePin
                0x0000000008003ed8       0x30 ./Drivers/STM32F3xx_HAL_Driver/Src/stm32f3xx_hal_gpio.o
                0x0000000008003ed8                HAL_GPIO_WritePin
 .text.HAL_GPIO_EXTI_IRQHandler
                0x0000000008003f08       0x30 ./Drivers/STM32F3xx_HAL_Driver/Src/stm32f3xx_hal_gpio.o
                0x0000000008003f08                HAL_GPIO_EXTI_IRQHandler
 .text.HAL_RCC_OscConfig
                0x0000000008003f38     0x107c ./Drivers/STM32F3xx_HAL_Driver/Src/stm32f3xx_hal_rcc.o
                0x0000000008003f38                HAL_RCC_OscConfig
 .text.HAL_RCC_ClockConfig
                0x0000000008004fb4      0x2f8 ./Drivers/STM32F3xx_HAL_Driver/Src/stm32f3xx_hal_rcc.o
                0x0000000008004fb4                HAL_RCC_ClockConfig
 .text.HAL_RCC_GetSysClockFreq
                0x00000000080052ac       0xa8 ./Drivers/STM32F3xx_HAL_Driver/Src/stm32f3xx_hal_rcc.o
                0x00000000080052ac                HAL_RCC_GetSysClockFreq
 .text.HAL_RCC_GetHCLKFreq
                0x0000000008005354       0x18 ./Drivers/STM32F3xx_HAL_Driver/Src/stm32f3xx_hal_rcc.o
                0x0000000008005354                HAL_RCC_GetHCLKFreq
 .text.HAL_RCC_GetPCLK1Freq
                0x000000000800536c       0x44 ./Drivers/STM32F3xx_HAL_Driver/Src/stm32f3xx_hal_rcc.o
                0x000000000800536c                HAL_RCC_GetPCLK1Freq
 .text.HAL_RCC_GetPCLK2Freq
                0x00000000080053b0       0x44 ./Drivers/STM32F3xx_HAL_Driver/Src/stm32f3xx_hal_rcc.o
                0x00000000080053b0                HAL_RCC_GetPCLK2Freq
 .text.HAL_RCC_GetClockConfig
                0x00000000080053f4       0x64 ./Drivers/STM32F3xx_HAL_Driver/Src/stm32f3xx_hal_rcc.o
                0x00000000080053f4                HAL_RCC_GetClockConfig
 .text.HAL_RCCEx_PeriphCLKConfig
                0x0000000008005458      0x324 ./Drivers/STM32F3xx_HAL_Driver/Src/stm32f3xx_hal_rcc_ex.o
                0x0000000008005458                HAL_RCCEx_PeriphCLKConfig
 .text.HAL_TIM_Base_Init
                0x000000000800577c       0xae ./Drivers/STM32F3xx_HAL_Driver/Src/stm32f3xx_hal_tim.o
                0x000000000800577c                HAL_TIM_Base_Init
 *fill*         0x000000000800582a        0x2 
 .text.HAL_TIM_Base_Start_IT
                0x000000000800582c       0xa8 ./Drivers/STM32F3xx_HAL_Driver/Src/stm32f3xx_hal_tim.o
                0x000000000800582c                HAL_TIM_Base_Start_IT
 .text.HAL_TIM_PWM_Init
                0x00000000080058d4       0xae ./Drivers/STM32F3xx_HAL_Driver/Src/stm32f3xx_hal_tim.o
                0x00000000080058d4                HAL_TIM_PWM_Init
 .text.HAL_TIM_PWM_MspInit
                0x0000000008005982       0x14 ./Drivers/STM32F3xx_HAL_Driver/Src/stm32f3xx_hal_tim.o
                0x0000000008005982                HAL_TIM_PWM_MspInit
 *fill*         0x0000000008005996        0x2 
 .text.HAL_TIM_PWM_Start
                0x0000000008005998      0x1cc ./Drivers/STM32F3xx_HAL_Driver/Src/stm32f3xx_hal_tim.o
                0x0000000008005998                HAL_TIM_PWM_Start
 .text.HAL_TIM_PWM_Stop
                0x0000000008005b64      0x11c ./Drivers/STM32F3xx_HAL_Driver/Src/stm32f3xx_hal_tim.o
                0x0000000008005b64                HAL_TIM_PWM_Stop
 .text.HAL_TIM_IRQHandler
                0x0000000008005c80      0x204 ./Drivers/STM32F3xx_HAL_Driver/Src/stm32f3xx_hal_tim.o
                0x0000000008005c80                HAL_TIM_IRQHandler
 .text.HAL_TIM_PWM_ConfigChannel
                0x0000000008005e84      0x228 ./Drivers/STM32F3xx_HAL_Driver/Src/stm32f3xx_hal_tim.o
                0x0000000008005e84                HAL_TIM_PWM_ConfigChannel
 .text.HAL_TIM_ConfigClockSource
                0x00000000080060ac      0x192 ./Drivers/STM32F3xx_HAL_Driver/Src/stm32f3xx_hal_tim.o
                0x00000000080060ac                HAL_TIM_ConfigClockSource
 .text.HAL_TIM_SlaveConfigSynchro
                0x000000000800623e       0x84 ./Drivers/STM32F3xx_HAL_Driver/Src/stm32f3xx_hal_tim.o
                0x000000000800623e                HAL_TIM_SlaveConfigSynchro
 .text.HAL_TIM_OC_DelayElapsedCallback
                0x00000000080062c2       0x14 ./Drivers/STM32F3xx_HAL_Driver/Src/stm32f3xx_hal_tim.o
                0x00000000080062c2                HAL_TIM_OC_DelayElapsedCallback
 .text.HAL_TIM_IC_CaptureCallback
                0x00000000080062d6       0x14 ./Drivers/STM32F3xx_HAL_Driver/Src/stm32f3xx_hal_tim.o
                0x00000000080062d6                HAL_TIM_IC_CaptureCallback
 .text.HAL_TIM_PWM_PulseFinishedCallback
                0x00000000080062ea       0x14 ./Drivers/STM32F3xx_HAL_Driver/Src/stm32f3xx_hal_tim.o
                0x00000000080062ea                HAL_TIM_PWM_PulseFinishedCallback
 .text.HAL_TIM_TriggerCallback
                0x00000000080062fe       0x14 ./Drivers/STM32F3xx_HAL_Driver/Src/stm32f3xx_hal_tim.o
                0x00000000080062fe                HAL_TIM_TriggerCallback
 *fill*         0x0000000008006312        0x2 
 .text.TIM_Base_SetConfig
                0x0000000008006314       0xf4 ./Drivers/STM32F3xx_HAL_Driver/Src/stm32f3xx_hal_tim.o
                0x0000000008006314                TIM_Base_SetConfig
 .text.TIM_OC1_SetConfig
                0x0000000008006408      0x10c ./Drivers/STM32F3xx_HAL_Driver/Src/stm32f3xx_hal_tim.o
 .text.TIM_OC2_SetConfig
                0x0000000008006514      0x100 ./Drivers/STM32F3xx_HAL_Driver/Src/stm32f3xx_hal_tim.o
                0x0000000008006514                TIM_OC2_SetConfig
 .text.TIM_OC3_SetConfig
                0x0000000008006614       0xfc ./Drivers/STM32F3xx_HAL_Driver/Src/stm32f3xx_hal_tim.o
 .text.TIM_OC4_SetConfig
                0x0000000008006710       0xc8 ./Drivers/STM32F3xx_HAL_Driver/Src/stm32f3xx_hal_tim.o
 .text.TIM_OC5_SetConfig
                0x00000000080067d8       0xbc ./Drivers/STM32F3xx_HAL_Driver/Src/stm32f3xx_hal_tim.o
 .text.TIM_OC6_SetConfig
                0x0000000008006894       0xc0 ./Drivers/STM32F3xx_HAL_Driver/Src/stm32f3xx_hal_tim.o
 .text.TIM_SlaveTimer_SetConfig
                0x0000000008006954      0x126 ./Drivers/STM32F3xx_HAL_Driver/Src/stm32f3xx_hal_tim.o
 .text.TIM_TI1_ConfigInputStage
                0x0000000008006a7a       0x5e ./Drivers/STM32F3xx_HAL_Driver/Src/stm32f3xx_hal_tim.o
 .text.TIM_TI2_ConfigInputStage
                0x0000000008006ad8       0x60 ./Drivers/STM32F3xx_HAL_Driver/Src/stm32f3xx_hal_tim.o
 .text.TIM_ITRx_SetConfig
                0x0000000008006b38       0x36 ./Drivers/STM32F3xx_HAL_Driver/Src/stm32f3xx_hal_tim.o
 .text.TIM_ETR_SetConfig
                0x0000000008006b6e       0x40 ./Drivers/STM32F3xx_HAL_Driver/Src/stm32f3xx_hal_tim.o
                0x0000000008006b6e                TIM_ETR_SetConfig
 .text.TIM_CCxChannelCmd
                0x0000000008006bae       0x4a ./Drivers/STM32F3xx_HAL_Driver/Src/stm32f3xx_hal_tim.o
                0x0000000008006bae                TIM_CCxChannelCmd
 .text.HAL_TIMEx_MasterConfigSynchronization
                0x0000000008006bf8       0xcc ./Drivers/STM32F3xx_HAL_Driver/Src/stm32f3xx_hal_tim_ex.o
                0x0000000008006bf8                HAL_TIMEx_MasterConfigSynchronization
 .text.HAL_TIMEx_ConfigBreakDeadTime
                0x0000000008006cc4       0xf0 ./Drivers/STM32F3xx_HAL_Driver/Src/stm32f3xx_hal_tim_ex.o
                0x0000000008006cc4                HAL_TIMEx_ConfigBreakDeadTime
 .text.HAL_TIMEx_CommutCallback
                0x0000000008006db4       0x14 ./Drivers/STM32F3xx_HAL_Driver/Src/stm32f3xx_hal_tim_ex.o
                0x0000000008006db4                HAL_TIMEx_CommutCallback
 .text.HAL_TIMEx_BreakCallback
                0x0000000008006dc8       0x14 ./Drivers/STM32F3xx_HAL_Driver/Src/stm32f3xx_hal_tim_ex.o
                0x0000000008006dc8                HAL_TIMEx_BreakCallback
 .text.HAL_TIMEx_Break2Callback
                0x0000000008006ddc       0x14 ./Drivers/STM32F3xx_HAL_Driver/Src/stm32f3xx_hal_tim_ex.o
                0x0000000008006ddc                HAL_TIMEx_Break2Callback
 .text.HAL_UART_Init
                0x0000000008006df0       0x9c ./Drivers/STM32F3xx_HAL_Driver/Src/stm32f3xx_hal_uart.o
                0x0000000008006df0                HAL_UART_Init
 .text.HAL_UART_Transmit_DMA
                0x0000000008006e8c       0xf8 ./Drivers/STM32F3xx_HAL_Driver/Src/stm32f3xx_hal_uart.o
                0x0000000008006e8c                HAL_UART_Transmit_DMA
 .text.HAL_UART_Receive_DMA
                0x0000000008006f84       0x88 ./Drivers/STM32F3xx_HAL_Driver/Src/stm32f3xx_hal_uart.o
                0x0000000008006f84                HAL_UART_Receive_DMA
 .text.HAL_UART_IRQHandler
                0x000000000800700c      0x5cc ./Drivers/STM32F3xx_HAL_Driver/Src/stm32f3xx_hal_uart.o
                0x000000000800700c                HAL_UART_IRQHandler
 .text.HAL_UART_TxCpltCallback
                0x00000000080075d8       0x14 ./Drivers/STM32F3xx_HAL_Driver/Src/stm32f3xx_hal_uart.o
                0x00000000080075d8                HAL_UART_TxCpltCallback
 .text.HAL_UART_TxHalfCpltCallback
                0x00000000080075ec       0x14 ./Drivers/STM32F3xx_HAL_Driver/Src/stm32f3xx_hal_uart.o
                0x00000000080075ec                HAL_UART_TxHalfCpltCallback
 .text.HAL_UART_RxHalfCpltCallback
                0x0000000008007600       0x14 ./Drivers/STM32F3xx_HAL_Driver/Src/stm32f3xx_hal_uart.o
                0x0000000008007600                HAL_UART_RxHalfCpltCallback
 .text.HAL_UART_ErrorCallback
                0x0000000008007614       0x14 ./Drivers/STM32F3xx_HAL_Driver/Src/stm32f3xx_hal_uart.o
                0x0000000008007614                HAL_UART_ErrorCallback
 .text.HAL_UARTEx_RxEventCallback
                0x0000000008007628       0x18 ./Drivers/STM32F3xx_HAL_Driver/Src/stm32f3xx_hal_uart.o
                0x0000000008007628                HAL_UARTEx_RxEventCallback
 .text.UART_SetConfig
                0x0000000008007640      0x26c ./Drivers/STM32F3xx_HAL_Driver/Src/stm32f3xx_hal_uart.o
                0x0000000008007640                UART_SetConfig
 .text.UART_AdvFeatureConfig
                0x00000000080078ac      0x144 ./Drivers/STM32F3xx_HAL_Driver/Src/stm32f3xx_hal_uart.o
                0x00000000080078ac                UART_AdvFeatureConfig
 .text.UART_CheckIdleState
                0x00000000080079f0      0x150 ./Drivers/STM32F3xx_HAL_Driver/Src/stm32f3xx_hal_uart.o
                0x00000000080079f0                UART_CheckIdleState
 .text.UART_WaitOnFlagUntilTimeout
                0x0000000008007b40       0xda ./Drivers/STM32F3xx_HAL_Driver/Src/stm32f3xx_hal_uart.o
                0x0000000008007b40                UART_WaitOnFlagUntilTimeout
 *fill*         0x0000000008007c1a        0x2 
 .text.UART_Start_Receive_DMA
                0x0000000008007c1c      0x140 ./Drivers/STM32F3xx_HAL_Driver/Src/stm32f3xx_hal_uart.o
                0x0000000008007c1c                UART_Start_Receive_DMA
 .text.UART_EndTxTransfer
                0x0000000008007d5c       0x4c ./Drivers/STM32F3xx_HAL_Driver/Src/stm32f3xx_hal_uart.o
 .text.UART_EndRxTransfer
                0x0000000008007da8       0xc8 ./Drivers/STM32F3xx_HAL_Driver/Src/stm32f3xx_hal_uart.o
 .text.UART_DMATransmitCplt
                0x0000000008007e70       0x94 ./Drivers/STM32F3xx_HAL_Driver/Src/stm32f3xx_hal_uart.o
 .text.UART_DMATxHalfCplt
                0x0000000008007f04       0x1c ./Drivers/STM32F3xx_HAL_Driver/Src/stm32f3xx_hal_uart.o
 .text.UART_DMAReceiveCplt
                0x0000000008007f20      0x126 ./Drivers/STM32F3xx_HAL_Driver/Src/stm32f3xx_hal_uart.o
 .text.UART_DMARxHalfCplt
                0x0000000008008046       0x3e ./Drivers/STM32F3xx_HAL_Driver/Src/stm32f3xx_hal_uart.o
 .text.UART_DMAError
                0x0000000008008084       0x7e ./Drivers/STM32F3xx_HAL_Driver/Src/stm32f3xx_hal_uart.o
 .text.UART_DMAAbortOnError
                0x0000000008008102       0x2c ./Drivers/STM32F3xx_HAL_Driver/Src/stm32f3xx_hal_uart.o
 .text.UART_EndTransmit_IT
                0x000000000800812e       0x54 ./Drivers/STM32F3xx_HAL_Driver/Src/stm32f3xx_hal_uart.o
 .text.HAL_UARTEx_WakeupCallback
                0x0000000008008182       0x14 ./Drivers/STM32F3xx_HAL_Driver/Src/stm32f3xx_hal_uart_ex.o
                0x0000000008008182                HAL_UARTEx_WakeupCallback
 .text.makeFreeRtosPriority
                0x0000000008008196       0x30 ./Middlewares/Third_Party/FreeRTOS/Source/CMSIS_RTOS/cmsis_os.o
 .text.osKernelStart
                0x00000000080081c6        0xe ./Middlewares/Third_Party/FreeRTOS/Source/CMSIS_RTOS/cmsis_os.o
                0x00000000080081c6                osKernelStart
 .text.osThreadCreate
                0x00000000080081d4       0x98 ./Middlewares/Third_Party/FreeRTOS/Source/CMSIS_RTOS/cmsis_os.o
                0x00000000080081d4                osThreadCreate
 .text.osDelay  0x000000000800826c       0x28 ./Middlewares/Third_Party/FreeRTOS/Source/CMSIS_RTOS/cmsis_os.o
                0x000000000800826c                osDelay
 .text.osSemaphoreCreate
                0x0000000008008294       0x64 ./Middlewares/Third_Party/FreeRTOS/Source/CMSIS_RTOS/cmsis_os.o
                0x0000000008008294                osSemaphoreCreate
 .text.osMessageCreate
                0x00000000080082f8       0x50 ./Middlewares/Third_Party/FreeRTOS/Source/CMSIS_RTOS/cmsis_os.o
                0x00000000080082f8                osMessageCreate
 .text.osSemaphoreGetCount
                0x0000000008008348       0x18 ./Middlewares/Third_Party/FreeRTOS/Source/CMSIS_RTOS/cmsis_os.o
                0x0000000008008348                osSemaphoreGetCount
 .text.vListInitialise
                0x0000000008008360       0x40 ./Middlewares/Third_Party/FreeRTOS/Source/list.o
                0x0000000008008360                vListInitialise
 .text.vListInitialiseItem
                0x00000000080083a0       0x1a ./Middlewares/Third_Party/FreeRTOS/Source/list.o
                0x00000000080083a0                vListInitialiseItem
 .text.vListInsertEnd
                0x00000000080083ba       0x48 ./Middlewares/Third_Party/FreeRTOS/Source/list.o
                0x00000000080083ba                vListInsertEnd
 .text.vListInsert
                0x0000000008008402       0x72 ./Middlewares/Third_Party/FreeRTOS/Source/list.o
                0x0000000008008402                vListInsert
 .text.uxListRemove
                0x0000000008008474       0x54 ./Middlewares/Third_Party/FreeRTOS/Source/list.o
                0x0000000008008474                uxListRemove
 .text.xQueueGenericReset
                0x00000000080084c8       0xd0 ./Middlewares/Third_Party/FreeRTOS/Source/queue.o
                0x00000000080084c8                xQueueGenericReset
 .text.xQueueGenericCreateStatic
                0x0000000008008598       0xee ./Middlewares/Third_Party/FreeRTOS/Source/queue.o
                0x0000000008008598                xQueueGenericCreateStatic
 .text.xQueueGenericCreate
                0x0000000008008686       0x7c ./Middlewares/Third_Party/FreeRTOS/Source/queue.o
                0x0000000008008686                xQueueGenericCreate
 .text.prvInitialiseNewQueue
                0x0000000008008702       0x3e ./Middlewares/Third_Party/FreeRTOS/Source/queue.o
 .text.xQueueGenericSend
                0x0000000008008740      0x1fc ./Middlewares/Third_Party/FreeRTOS/Source/queue.o
                0x0000000008008740                xQueueGenericSend
 .text.xQueueGiveFromISR
                0x000000000800893c      0x11a ./Middlewares/Third_Party/FreeRTOS/Source/queue.o
                0x000000000800893c                xQueueGiveFromISR
 *fill*         0x0000000008008a56        0x2 
 .text.xQueueReceive
                0x0000000008008a58      0x1c0 ./Middlewares/Third_Party/FreeRTOS/Source/queue.o
                0x0000000008008a58                xQueueReceive
 .text.xQueueSemaphoreTake
                0x0000000008008c18      0x218 ./Middlewares/Third_Party/FreeRTOS/Source/queue.o
                0x0000000008008c18                xQueueSemaphoreTake
 .text.uxQueueMessagesWaiting
                0x0000000008008e30       0x3c ./Middlewares/Third_Party/FreeRTOS/Source/queue.o
                0x0000000008008e30                uxQueueMessagesWaiting
 .text.prvGetDisinheritPriorityAfterTimeout
                0x0000000008008e6c       0x30 ./Middlewares/Third_Party/FreeRTOS/Source/queue.o
 .text.prvCopyDataToQueue
                0x0000000008008e9c       0xd4 ./Middlewares/Third_Party/FreeRTOS/Source/queue.o
 .text.prvCopyDataFromQueue
                0x0000000008008f70       0x4c ./Middlewares/Third_Party/FreeRTOS/Source/queue.o
 .text.prvUnlockQueue
                0x0000000008008fbc       0xa4 ./Middlewares/Third_Party/FreeRTOS/Source/queue.o
 .text.prvIsQueueEmpty
                0x0000000008009060       0x2c ./Middlewares/Third_Party/FreeRTOS/Source/queue.o
 .text.prvIsQueueFull
                0x000000000800908c       0x30 ./Middlewares/Third_Party/FreeRTOS/Source/queue.o
 .text.xTaskCreateStatic
                0x00000000080090bc       0xb8 ./Middlewares/Third_Party/FreeRTOS/Source/tasks.o
                0x00000000080090bc                xTaskCreateStatic
 .text.xTaskCreate
                0x0000000008009174       0x8a ./Middlewares/Third_Party/FreeRTOS/Source/tasks.o
                0x0000000008009174                xTaskCreate
 .text.prvInitialiseNewTask
                0x00000000080091fe       0xfe ./Middlewares/Third_Party/FreeRTOS/Source/tasks.o
 .text.prvAddNewTaskToReadyList
                0x00000000080092fc       0xd4 ./Middlewares/Third_Party/FreeRTOS/Source/tasks.o
 .text.vTaskDelay
                0x00000000080093d0       0x68 ./Middlewares/Third_Party/FreeRTOS/Source/tasks.o
                0x00000000080093d0                vTaskDelay
 .text.vTaskStartScheduler
                0x0000000008009438       0xc0 ./Middlewares/Third_Party/FreeRTOS/Source/tasks.o
                0x0000000008009438                vTaskStartScheduler
 .text.vTaskSuspendAll
                0x00000000080094f8       0x1c ./Middlewares/Third_Party/FreeRTOS/Source/tasks.o
                0x00000000080094f8                vTaskSuspendAll
 .text.xTaskResumeAll
                0x0000000008009514      0x138 ./Middlewares/Third_Party/FreeRTOS/Source/tasks.o
                0x0000000008009514                xTaskResumeAll
 .text.xTaskIncrementTick
                0x000000000800964c      0x17c ./Middlewares/Third_Party/FreeRTOS/Source/tasks.o
                0x000000000800964c                xTaskIncrementTick
 .text.vTaskSwitchContext
                0x00000000080097c8       0xb8 ./Middlewares/Third_Party/FreeRTOS/Source/tasks.o
                0x00000000080097c8                vTaskSwitchContext
 .text.vTaskPlaceOnEventList
                0x0000000008009880       0x48 ./Middlewares/Third_Party/FreeRTOS/Source/tasks.o
                0x0000000008009880                vTaskPlaceOnEventList
 .text.xTaskRemoveFromEventList
                0x00000000080098c8       0xc4 ./Middlewares/Third_Party/FreeRTOS/Source/tasks.o
                0x00000000080098c8                xTaskRemoveFromEventList
 .text.vTaskInternalSetTimeOutState
                0x000000000800998c       0x2c ./Middlewares/Third_Party/FreeRTOS/Source/tasks.o
                0x000000000800998c                vTaskInternalSetTimeOutState
 .text.xTaskCheckForTimeOut
                0x00000000080099b8       0xc4 ./Middlewares/Third_Party/FreeRTOS/Source/tasks.o
                0x00000000080099b8                xTaskCheckForTimeOut
 .text.vTaskMissedYield
                0x0000000008009a7c       0x18 ./Middlewares/Third_Party/FreeRTOS/Source/tasks.o
                0x0000000008009a7c                vTaskMissedYield
 .text.prvIdleTask
                0x0000000008009a94       0x30 ./Middlewares/Third_Party/FreeRTOS/Source/tasks.o
 .text.prvInitialiseTaskLists
                0x0000000008009ac4       0x80 ./Middlewares/Third_Party/FreeRTOS/Source/tasks.o
 .text.prvCheckTasksWaitingTermination
                0x0000000008009b44       0x5c ./Middlewares/Third_Party/FreeRTOS/Source/tasks.o
 .text.prvDeleteTCB
                0x0000000008009ba0       0x5e ./Middlewares/Third_Party/FreeRTOS/Source/tasks.o
 *fill*         0x0000000008009bfe        0x2 
 .text.prvResetNextTaskUnblockTime
                0x0000000008009c00       0x4c ./Middlewares/Third_Party/FreeRTOS/Source/tasks.o
 .text.xTaskGetSchedulerState
                0x0000000008009c4c       0x3c ./Middlewares/Third_Party/FreeRTOS/Source/tasks.o
                0x0000000008009c4c                xTaskGetSchedulerState
 .text.xTaskPriorityInherit
                0x0000000008009c88      0x10c ./Middlewares/Third_Party/FreeRTOS/Source/tasks.o
                0x0000000008009c88                xTaskPriorityInherit
 .text.xTaskPriorityDisinherit
                0x0000000008009d94      0x10c ./Middlewares/Third_Party/FreeRTOS/Source/tasks.o
                0x0000000008009d94                xTaskPriorityDisinherit
 .text.vTaskPriorityDisinheritAfterTimeout
                0x0000000008009ea0      0x140 ./Middlewares/Third_Party/FreeRTOS/Source/tasks.o
                0x0000000008009ea0                vTaskPriorityDisinheritAfterTimeout
 .text.pvTaskIncrementMutexHeldCount
                0x0000000008009fe0       0x28 ./Middlewares/Third_Party/FreeRTOS/Source/tasks.o
                0x0000000008009fe0                pvTaskIncrementMutexHeldCount
 .text.prvAddCurrentTaskToDelayedList
                0x000000000800a008       0xcc ./Middlewares/Third_Party/FreeRTOS/Source/tasks.o
 .text.pxPortInitialiseStack
                0x000000000800a0d4       0x68 ./Middlewares/Third_Party/FreeRTOS/Source/portable/GCC/ARM_CM4F/port.o
                0x000000000800a0d4                pxPortInitialiseStack
 .text.prvTaskExitError
                0x000000000800a13c       0x58 ./Middlewares/Third_Party/FreeRTOS/Source/portable/GCC/ARM_CM4F/port.o
 *fill*         0x000000000800a194        0xc 
 .text.SVC_Handler
                0x000000000800a1a0       0x28 ./Middlewares/Third_Party/FreeRTOS/Source/portable/GCC/ARM_CM4F/port.o
                0x000000000800a1a0                SVC_Handler
 .text.prvPortStartFirstTask
                0x000000000800a1c8       0x28 ./Middlewares/Third_Party/FreeRTOS/Source/portable/GCC/ARM_CM4F/port.o
 .text.xPortStartScheduler
                0x000000000800a1f0      0x144 ./Middlewares/Third_Party/FreeRTOS/Source/portable/GCC/ARM_CM4F/port.o
                0x000000000800a1f0                xPortStartScheduler
 .text.vPortEnterCritical
                0x000000000800a334       0x60 ./Middlewares/Third_Party/FreeRTOS/Source/portable/GCC/ARM_CM4F/port.o
                0x000000000800a334                vPortEnterCritical
 .text.vPortExitCritical
                0x000000000800a394       0x54 ./Middlewares/Third_Party/FreeRTOS/Source/portable/GCC/ARM_CM4F/port.o
                0x000000000800a394                vPortExitCritical
 *fill*         0x000000000800a3e8        0x8 
 .text.PendSV_Handler
                0x000000000800a3f0       0x68 ./Middlewares/Third_Party/FreeRTOS/Source/portable/GCC/ARM_CM4F/port.o
                0x000000000800a3f0                PendSV_Handler
 .text.SysTick_Handler
                0x000000000800a458       0x44 ./Middlewares/Third_Party/FreeRTOS/Source/portable/GCC/ARM_CM4F/port.o
                0x000000000800a458                SysTick_Handler
 .text.vPortSetupTimerInterrupt
                0x000000000800a49c       0x48 ./Middlewares/Third_Party/FreeRTOS/Source/portable/GCC/ARM_CM4F/port.o
                0x000000000800a49c                vPortSetupTimerInterrupt
 .text.vPortEnableVFP
                0x000000000800a4e4       0x14 ./Middlewares/Third_Party/FreeRTOS/Source/portable/GCC/ARM_CM4F/port.o
 .text.vPortValidateInterruptPriority
                0x000000000800a4f8       0x80 ./Middlewares/Third_Party/FreeRTOS/Source/portable/GCC/ARM_CM4F/port.o
                0x000000000800a4f8                vPortValidateInterruptPriority
 .text.pvPortMalloc
                0x000000000800a578      0x188 ./Middlewares/Third_Party/FreeRTOS/Source/portable/MemMang/heap_4.o
                0x000000000800a578                pvPortMalloc
 .text.vPortFree
                0x000000000800a700       0xb4 ./Middlewares/Third_Party/FreeRTOS/Source/portable/MemMang/heap_4.o
                0x000000000800a700                vPortFree
 .text.prvHeapInit
                0x000000000800a7b4       0xc4 ./Middlewares/Third_Party/FreeRTOS/Source/portable/MemMang/heap_4.o
 .text.prvInsertBlockIntoFreeList
                0x000000000800a878       0xb4 ./Middlewares/Third_Party/FreeRTOS/Source/portable/MemMang/heap_4.o
 .text.atoi     0x000000000800a92c        0x8 C:/ST/STM32CubeIDE_1.13.2/STM32CubeIDE/plugins/com.st.stm32cube.ide.mcu.externaltools.gnu-tools-for-stm32.11.3.rel1.win32_1.1.1.202309131626/tools/bin/../lib/gcc/arm-none-eabi/11.3.1/../../../../arm-none-eabi/lib/thumb/v7e-m+fp/hard\libc_nano.a(libc_a-atoi.o)
                0x000000000800a92c                atoi
 .text._strtol_l.constprop.0
                0x000000000800a934      0x104 C:/ST/STM32CubeIDE_1.13.2/STM32CubeIDE/plugins/com.st.stm32cube.ide.mcu.externaltools.gnu-tools-for-stm32.11.3.rel1.win32_1.1.1.202309131626/tools/bin/../lib/gcc/arm-none-eabi/11.3.1/../../../../arm-none-eabi/lib/thumb/v7e-m+fp/hard\libc_nano.a(libc_a-strtol.o)
 .text.strtol   0x000000000800aa38       0x14 C:/ST/STM32CubeIDE_1.13.2/STM32CubeIDE/plugins/com.st.stm32cube.ide.mcu.externaltools.gnu-tools-for-stm32.11.3.rel1.win32_1.1.1.202309131626/tools/bin/../lib/gcc/arm-none-eabi/11.3.1/../../../../arm-none-eabi/lib/thumb/v7e-m+fp/hard\libc_nano.a(libc_a-strtol.o)
                0x000000000800aa38                strtol
 .text.std      0x000000000800aa4c       0x6c C:/ST/STM32CubeIDE_1.13.2/STM32CubeIDE/plugins/com.st.stm32cube.ide.mcu.externaltools.gnu-tools-for-stm32.11.3.rel1.win32_1.1.1.202309131626/tools/bin/../lib/gcc/arm-none-eabi/11.3.1/../../../../arm-none-eabi/lib/thumb/v7e-m+fp/hard\libc_nano.a(libc_a-findfp.o)
 .text.stdio_exit_handler
                0x000000000800aab8       0x18 C:/ST/STM32CubeIDE_1.13.2/STM32CubeIDE/plugins/com.st.stm32cube.ide.mcu.externaltools.gnu-tools-for-stm32.11.3.rel1.win32_1.1.1.202309131626/tools/bin/../lib/gcc/arm-none-eabi/11.3.1/../../../../arm-none-eabi/lib/thumb/v7e-m+fp/hard\libc_nano.a(libc_a-findfp.o)
 .text.cleanup_stdio
                0x000000000800aad0       0x40 C:/ST/STM32CubeIDE_1.13.2/STM32CubeIDE/plugins/com.st.stm32cube.ide.mcu.externaltools.gnu-tools-for-stm32.11.3.rel1.win32_1.1.1.202309131626/tools/bin/../lib/gcc/arm-none-eabi/11.3.1/../../../../arm-none-eabi/lib/thumb/v7e-m+fp/hard\libc_nano.a(libc_a-findfp.o)
 .text.global_stdio_init.part.0
                0x000000000800ab10       0x3c C:/ST/STM32CubeIDE_1.13.2/STM32CubeIDE/plugins/com.st.stm32cube.ide.mcu.externaltools.gnu-tools-for-stm32.11.3.rel1.win32_1.1.1.202309131626/tools/bin/../lib/gcc/arm-none-eabi/11.3.1/../../../../arm-none-eabi/lib/thumb/v7e-m+fp/hard\libc_nano.a(libc_a-findfp.o)
 .text.__sfp_lock_acquire
                0x000000000800ab4c        0xc C:/ST/STM32CubeIDE_1.13.2/STM32CubeIDE/plugins/com.st.stm32cube.ide.mcu.externaltools.gnu-tools-for-stm32.11.3.rel1.win32_1.1.1.202309131626/tools/bin/../lib/gcc/arm-none-eabi/11.3.1/../../../../arm-none-eabi/lib/thumb/v7e-m+fp/hard\libc_nano.a(libc_a-findfp.o)
                0x000000000800ab4c                __sfp_lock_acquire
 .text.__sfp_lock_release
                0x000000000800ab58        0xc C:/ST/STM32CubeIDE_1.13.2/STM32CubeIDE/plugins/com.st.stm32cube.ide.mcu.externaltools.gnu-tools-for-stm32.11.3.rel1.win32_1.1.1.202309131626/tools/bin/../lib/gcc/arm-none-eabi/11.3.1/../../../../arm-none-eabi/lib/thumb/v7e-m+fp/hard\libc_nano.a(libc_a-findfp.o)
                0x000000000800ab58                __sfp_lock_release
 .text.__sinit  0x000000000800ab64       0x30 C:/ST/STM32CubeIDE_1.13.2/STM32CubeIDE/plugins/com.st.stm32cube.ide.mcu.externaltools.gnu-tools-for-stm32.11.3.rel1.win32_1.1.1.202309131626/tools/bin/../lib/gcc/arm-none-eabi/11.3.1/../../../../arm-none-eabi/lib/thumb/v7e-m+fp/hard\libc_nano.a(libc_a-findfp.o)
                0x000000000800ab64                __sinit
 .text._fwalk_sglue
                0x000000000800ab94       0x3c C:/ST/STM32CubeIDE_1.13.2/STM32CubeIDE/plugins/com.st.stm32cube.ide.mcu.externaltools.gnu-tools-for-stm32.11.3.rel1.win32_1.1.1.202309131626/tools/bin/../lib/gcc/arm-none-eabi/11.3.1/../../../../arm-none-eabi/lib/thumb/v7e-m+fp/hard\libc_nano.a(libc_a-fwalk.o)
                0x000000000800ab94                _fwalk_sglue
 .text.snprintf
                0x000000000800abd0       0x68 C:/ST/STM32CubeIDE_1.13.2/STM32CubeIDE/plugins/com.st.stm32cube.ide.mcu.externaltools.gnu-tools-for-stm32.11.3.rel1.win32_1.1.1.202309131626/tools/bin/../lib/gcc/arm-none-eabi/11.3.1/../../../../arm-none-eabi/lib/thumb/v7e-m+fp/hard\libc_nano.a(libc_a-snprintf.o)
                0x000000000800abd0                sniprintf
                0x000000000800abd0                snprintf
 .text.__sread  0x000000000800ac38       0x22 C:/ST/STM32CubeIDE_1.13.2/STM32CubeIDE/plugins/com.st.stm32cube.ide.mcu.externaltools.gnu-tools-for-stm32.11.3.rel1.win32_1.1.1.202309131626/tools/bin/../lib/gcc/arm-none-eabi/11.3.1/../../../../arm-none-eabi/lib/thumb/v7e-m+fp/hard\libc_nano.a(libc_a-stdio.o)
                0x000000000800ac38                __sread
 .text.__swrite
                0x000000000800ac5a       0x38 C:/ST/STM32CubeIDE_1.13.2/STM32CubeIDE/plugins/com.st.stm32cube.ide.mcu.externaltools.gnu-tools-for-stm32.11.3.rel1.win32_1.1.1.202309131626/tools/bin/../lib/gcc/arm-none-eabi/11.3.1/../../../../arm-none-eabi/lib/thumb/v7e-m+fp/hard\libc_nano.a(libc_a-stdio.o)
                0x000000000800ac5a                __swrite
 .text.__sseek  0x000000000800ac92       0x24 C:/ST/STM32CubeIDE_1.13.2/STM32CubeIDE/plugins/com.st.stm32cube.ide.mcu.externaltools.gnu-tools-for-stm32.11.3.rel1.win32_1.1.1.202309131626/tools/bin/../lib/gcc/arm-none-eabi/11.3.1/../../../../arm-none-eabi/lib/thumb/v7e-m+fp/hard\libc_nano.a(libc_a-stdio.o)
                0x000000000800ac92                __sseek
 .text.__sclose
                0x000000000800acb6        0x8 C:/ST/STM32CubeIDE_1.13.2/STM32CubeIDE/plugins/com.st.stm32cube.ide.mcu.externaltools.gnu-tools-for-stm32.11.3.rel1.win32_1.1.1.202309131626/tools/bin/../lib/gcc/arm-none-eabi/11.3.1/../../../../arm-none-eabi/lib/thumb/v7e-m+fp/hard\libc_nano.a(libc_a-stdio.o)
                0x000000000800acb6                __sclose
 .text.memset   0x000000000800acbe       0x10 C:/ST/STM32CubeIDE_1.13.2/STM32CubeIDE/plugins/com.st.stm32cube.ide.mcu.externaltools.gnu-tools-for-stm32.11.3.rel1.win32_1.1.1.202309131626/tools/bin/../lib/gcc/arm-none-eabi/11.3.1/../../../../arm-none-eabi/lib/thumb/v7e-m+fp/hard\libc_nano.a(libc_a-memset.o)
                0x000000000800acbe                memset
 *fill*         0x000000000800acce        0x2 
 .text.strtok   0x000000000800acd0       0x68 C:/ST/STM32CubeIDE_1.13.2/STM32CubeIDE/plugins/com.st.stm32cube.ide.mcu.externaltools.gnu-tools-for-stm32.11.3.rel1.win32_1.1.1.202309131626/tools/bin/../lib/gcc/arm-none-eabi/11.3.1/../../../../arm-none-eabi/lib/thumb/v7e-m+fp/hard\libc_nano.a(libc_a-strtok.o)
                0x000000000800acd0                strtok
 .text.__strtok_r
                0x000000000800ad38       0x50 C:/ST/STM32CubeIDE_1.13.2/STM32CubeIDE/plugins/com.st.stm32cube.ide.mcu.externaltools.gnu-tools-for-stm32.11.3.rel1.win32_1.1.1.202309131626/tools/bin/../lib/gcc/arm-none-eabi/11.3.1/../../../../arm-none-eabi/lib/thumb/v7e-m+fp/hard\libc_nano.a(libc_a-strtok_r.o)
                0x000000000800ad38                __strtok_r
 .text._close_r
                0x000000000800ad88       0x20 C:/ST/STM32CubeIDE_1.13.2/STM32CubeIDE/plugins/com.st.stm32cube.ide.mcu.externaltools.gnu-tools-for-stm32.11.3.rel1.win32_1.1.1.202309131626/tools/bin/../lib/gcc/arm-none-eabi/11.3.1/../../../../arm-none-eabi/lib/thumb/v7e-m+fp/hard\libc_nano.a(libc_a-closer.o)
                0x000000000800ad88                _close_r
 .text._lseek_r
                0x000000000800ada8       0x24 C:/ST/STM32CubeIDE_1.13.2/STM32CubeIDE/plugins/com.st.stm32cube.ide.mcu.externaltools.gnu-tools-for-stm32.11.3.rel1.win32_1.1.1.202309131626/tools/bin/../lib/gcc/arm-none-eabi/11.3.1/../../../../arm-none-eabi/lib/thumb/v7e-m+fp/hard\libc_nano.a(libc_a-lseekr.o)
                0x000000000800ada8                _lseek_r
 .text._read_r  0x000000000800adcc       0x24 C:/ST/STM32CubeIDE_1.13.2/STM32CubeIDE/plugins/com.st.stm32cube.ide.mcu.externaltools.gnu-tools-for-stm32.11.3.rel1.win32_1.1.1.202309131626/tools/bin/../lib/gcc/arm-none-eabi/11.3.1/../../../../arm-none-eabi/lib/thumb/v7e-m+fp/hard\libc_nano.a(libc_a-readr.o)
                0x000000000800adcc                _read_r
 .text._write_r
                0x000000000800adf0       0x24 C:/ST/STM32CubeIDE_1.13.2/STM32CubeIDE/plugins/com.st.stm32cube.ide.mcu.externaltools.gnu-tools-for-stm32.11.3.rel1.win32_1.1.1.202309131626/tools/bin/../lib/gcc/arm-none-eabi/11.3.1/../../../../arm-none-eabi/lib/thumb/v7e-m+fp/hard\libc_nano.a(libc_a-writer.o)
                0x000000000800adf0                _write_r
 .text.__errno  0x000000000800ae14        0xc C:/ST/STM32CubeIDE_1.13.2/STM32CubeIDE/plugins/com.st.stm32cube.ide.mcu.externaltools.gnu-tools-for-stm32.11.3.rel1.win32_1.1.1.202309131626/tools/bin/../lib/gcc/arm-none-eabi/11.3.1/../../../../arm-none-eabi/lib/thumb/v7e-m+fp/hard\libc_nano.a(libc_a-errno.o)
                0x000000000800ae14                __errno
 .text.__libc_init_array
                0x000000000800ae20       0x48 C:/ST/STM32CubeIDE_1.13.2/STM32CubeIDE/plugins/com.st.stm32cube.ide.mcu.externaltools.gnu-tools-for-stm32.11.3.rel1.win32_1.1.1.202309131626/tools/bin/../lib/gcc/arm-none-eabi/11.3.1/../../../../arm-none-eabi/lib/thumb/v7e-m+fp/hard\libc_nano.a(libc_a-init.o)
                0x000000000800ae20                __libc_init_array
 .text.__retarget_lock_init_recursive
                0x000000000800ae68        0x2 C:/ST/STM32CubeIDE_1.13.2/STM32CubeIDE/plugins/com.st.stm32cube.ide.mcu.externaltools.gnu-tools-for-stm32.11.3.rel1.win32_1.1.1.202309131626/tools/bin/../lib/gcc/arm-none-eabi/11.3.1/../../../../arm-none-eabi/lib/thumb/v7e-m+fp/hard\libc_nano.a(libc_a-lock.o)
                0x000000000800ae68                __retarget_lock_init_recursive
 .text.__retarget_lock_acquire_recursive
                0x000000000800ae6a        0x2 C:/ST/STM32CubeIDE_1.13.2/STM32CubeIDE/plugins/com.st.stm32cube.ide.mcu.externaltools.gnu-tools-for-stm32.11.3.rel1.win32_1.1.1.202309131626/tools/bin/../lib/gcc/arm-none-eabi/11.3.1/../../../../arm-none-eabi/lib/thumb/v7e-m+fp/hard\libc_nano.a(libc_a-lock.o)
                0x000000000800ae6a                __retarget_lock_acquire_recursive
 .text.__retarget_lock_release_recursive
                0x000000000800ae6c        0x2 C:/ST/STM32CubeIDE_1.13.2/STM32CubeIDE/plugins/com.st.stm32cube.ide.mcu.externaltools.gnu-tools-for-stm32.11.3.rel1.win32_1.1.1.202309131626/tools/bin/../lib/gcc/arm-none-eabi/11.3.1/../../../../arm-none-eabi/lib/thumb/v7e-m+fp/hard\libc_nano.a(libc_a-lock.o)
                0x000000000800ae6c                __retarget_lock_release_recursive
 .text.memcpy   0x000000000800ae6e       0x1c C:/ST/STM32CubeIDE_1.13.2/STM32CubeIDE/plugins/com.st.stm32cube.ide.mcu.externaltools.gnu-tools-for-stm32.11.3.rel1.win32_1.1.1.202309131626/tools/bin/../lib/gcc/arm-none-eabi/11.3.1/../../../../arm-none-eabi/lib/thumb/v7e-m+fp/hard\libc_nano.a(libc_a-memcpy-stub.o)
                0x000000000800ae6e                memcpy
 *fill*         0x000000000800ae8a        0x2 
 .text.__assert_func
                0x000000000800ae8c       0x3c C:/ST/STM32CubeIDE_1.13.2/STM32CubeIDE/plugins/com.st.stm32cube.ide.mcu.externaltools.gnu-tools-for-stm32.11.3.rel1.win32_1.1.1.202309131626/tools/bin/../lib/gcc/arm-none-eabi/11.3.1/../../../../arm-none-eabi/lib/thumb/v7e-m+fp/hard\libc_nano.a(libc_a-assert.o)
                0x000000000800ae8c                __assert_func
 .text._free_r  0x000000000800aec8       0x98 C:/ST/STM32CubeIDE_1.13.2/STM32CubeIDE/plugins/com.st.stm32cube.ide.mcu.externaltools.gnu-tools-for-stm32.11.3.rel1.win32_1.1.1.202309131626/tools/bin/../lib/gcc/arm-none-eabi/11.3.1/../../../../arm-none-eabi/lib/thumb/v7e-m+fp/hard\libc_nano.a(libc_a-freer.o)
                0x000000000800aec8                _free_r
 .text.malloc   0x000000000800af60       0x10 C:/ST/STM32CubeIDE_1.13.2/STM32CubeIDE/plugins/com.st.stm32cube.ide.mcu.externaltools.gnu-tools-for-stm32.11.3.rel1.win32_1.1.1.202309131626/tools/bin/../lib/gcc/arm-none-eabi/11.3.1/../../../../arm-none-eabi/lib/thumb/v7e-m+fp/hard\libc_nano.a(libc_a-malloc.o)
                0x000000000800af60                malloc
 .text.sbrk_aligned
                0x000000000800af70       0x40 C:/ST/STM32CubeIDE_1.13.2/STM32CubeIDE/plugins/com.st.stm32cube.ide.mcu.externaltools.gnu-tools-for-stm32.11.3.rel1.win32_1.1.1.202309131626/tools/bin/../lib/gcc/arm-none-eabi/11.3.1/../../../../arm-none-eabi/lib/thumb/v7e-m+fp/hard\libc_nano.a(libc_a-mallocr.o)
 .text._malloc_r
                0x000000000800afb0      0x100 C:/ST/STM32CubeIDE_1.13.2/STM32CubeIDE/plugins/com.st.stm32cube.ide.mcu.externaltools.gnu-tools-for-stm32.11.3.rel1.win32_1.1.1.202309131626/tools/bin/../lib/gcc/arm-none-eabi/11.3.1/../../../../arm-none-eabi/lib/thumb/v7e-m+fp/hard\libc_nano.a(libc_a-mallocr.o)
                0x000000000800afb0                _malloc_r
 .text.__malloc_lock
                0x000000000800b0b0        0xc C:/ST/STM32CubeIDE_1.13.2/STM32CubeIDE/plugins/com.st.stm32cube.ide.mcu.externaltools.gnu-tools-for-stm32.11.3.rel1.win32_1.1.1.202309131626/tools/bin/../lib/gcc/arm-none-eabi/11.3.1/../../../../arm-none-eabi/lib/thumb/v7e-m+fp/hard\libc_nano.a(libc_a-mlock.o)
                0x000000000800b0b0                __malloc_lock
 .text.__malloc_unlock
                0x000000000800b0bc        0xc C:/ST/STM32CubeIDE_1.13.2/STM32CubeIDE/plugins/com.st.stm32cube.ide.mcu.externaltools.gnu-tools-for-stm32.11.3.rel1.win32_1.1.1.202309131626/tools/bin/../lib/gcc/arm-none-eabi/11.3.1/../../../../arm-none-eabi/lib/thumb/v7e-m+fp/hard\libc_nano.a(libc_a-mlock.o)
                0x000000000800b0bc                __malloc_unlock
 .text.__ssputs_r
                0x000000000800b0c8       0xb4 C:/ST/STM32CubeIDE_1.13.2/STM32CubeIDE/plugins/com.st.stm32cube.ide.mcu.externaltools.gnu-tools-for-stm32.11.3.rel1.win32_1.1.1.202309131626/tools/bin/../lib/gcc/arm-none-eabi/11.3.1/../../../../arm-none-eabi/lib/thumb/v7e-m+fp/hard\libc_nano.a(libc_a-nano-svfprintf.o)
                0x000000000800b0c8                __ssputs_r
 .text._svfprintf_r
                0x000000000800b17c      0x1fc C:/ST/STM32CubeIDE_1.13.2/STM32CubeIDE/plugins/com.st.stm32cube.ide.mcu.externaltools.gnu-tools-for-stm32.11.3.rel1.win32_1.1.1.202309131626/tools/bin/../lib/gcc/arm-none-eabi/11.3.1/../../../../arm-none-eabi/lib/thumb/v7e-m+fp/hard\libc_nano.a(libc_a-nano-svfprintf.o)
                0x000000000800b17c                _svfiprintf_r
                0x000000000800b17c                _svfprintf_r
 .text._printf_common
                0x000000000800b378       0xda C:/ST/STM32CubeIDE_1.13.2/STM32CubeIDE/plugins/com.st.stm32cube.ide.mcu.externaltools.gnu-tools-for-stm32.11.3.rel1.win32_1.1.1.202309131626/tools/bin/../lib/gcc/arm-none-eabi/11.3.1/../../../../arm-none-eabi/lib/thumb/v7e-m+fp/hard\libc_nano.a(libc_a-nano-vfprintf_i.o)
                0x000000000800b378                _printf_common
 *fill*         0x000000000800b452        0x2 
 .text._printf_i
                0x000000000800b454      0x244 C:/ST/STM32CubeIDE_1.13.2/STM32CubeIDE/plugins/com.st.stm32cube.ide.mcu.externaltools.gnu-tools-for-stm32.11.3.rel1.win32_1.1.1.202309131626/tools/bin/../lib/gcc/arm-none-eabi/11.3.1/../../../../arm-none-eabi/lib/thumb/v7e-m+fp/hard\libc_nano.a(libc_a-nano-vfprintf_i.o)
                0x000000000800b454                _printf_i
 .text.__sflush_r
                0x000000000800b698      0x10c C:/ST/STM32CubeIDE_1.13.2/STM32CubeIDE/plugins/com.st.stm32cube.ide.mcu.externaltools.gnu-tools-for-stm32.11.3.rel1.win32_1.1.1.202309131626/tools/bin/../lib/gcc/arm-none-eabi/11.3.1/../../../../arm-none-eabi/lib/thumb/v7e-m+fp/hard\libc_nano.a(libc_a-fflush.o)
                0x000000000800b698                __sflush_r
 .text._fflush_r
                0x000000000800b7a4       0x50 C:/ST/STM32CubeIDE_1.13.2/STM32CubeIDE/plugins/com.st.stm32cube.ide.mcu.externaltools.gnu-tools-for-stm32.11.3.rel1.win32_1.1.1.202309131626/tools/bin/../lib/gcc/arm-none-eabi/11.3.1/../../../../arm-none-eabi/lib/thumb/v7e-m+fp/hard\libc_nano.a(libc_a-fflush.o)
                0x000000000800b7a4                _fflush_r
 .text.fprintf  0x000000000800b7f4       0x24 C:/ST/STM32CubeIDE_1.13.2/STM32CubeIDE/plugins/com.st.stm32cube.ide.mcu.externaltools.gnu-tools-for-stm32.11.3.rel1.win32_1.1.1.202309131626/tools/bin/../lib/gcc/arm-none-eabi/11.3.1/../../../../arm-none-eabi/lib/thumb/v7e-m+fp/hard\libc_nano.a(libc_a-fprintf.o)
                0x000000000800b7f4                fiprintf
                0x000000000800b7f4                fprintf
 .text.memmove  0x000000000800b818       0x34 C:/ST/STM32CubeIDE_1.13.2/STM32CubeIDE/plugins/com.st.stm32cube.ide.mcu.externaltools.gnu-tools-for-stm32.11.3.rel1.win32_1.1.1.202309131626/tools/bin/../lib/gcc/arm-none-eabi/11.3.1/../../../../arm-none-eabi/lib/thumb/v7e-m+fp/hard\libc_nano.a(libc_a-memmove.o)
                0x000000000800b818                memmove
 .text._sbrk_r  0x000000000800b84c       0x20 C:/ST/STM32CubeIDE_1.13.2/STM32CubeIDE/plugins/com.st.stm32cube.ide.mcu.externaltools.gnu-tools-for-stm32.11.3.rel1.win32_1.1.1.202309131626/tools/bin/../lib/gcc/arm-none-eabi/11.3.1/../../../../arm-none-eabi/lib/thumb/v7e-m+fp/hard\libc_nano.a(libc_a-sbrkr.o)
                0x000000000800b84c                _sbrk_r
 .text.abort    0x000000000800b86c        0xe C:/ST/STM32CubeIDE_1.13.2/STM32CubeIDE/plugins/com.st.stm32cube.ide.mcu.externaltools.gnu-tools-for-stm32.11.3.rel1.win32_1.1.1.202309131626/tools/bin/../lib/gcc/arm-none-eabi/11.3.1/../../../../arm-none-eabi/lib/thumb/v7e-m+fp/hard\libc_nano.a(libc_a-abort.o)
                0x000000000800b86c                abort
 .text._realloc_r
                0x000000000800b87a       0x5e C:/ST/STM32CubeIDE_1.13.2/STM32CubeIDE/plugins/com.st.stm32cube.ide.mcu.externaltools.gnu-tools-for-stm32.11.3.rel1.win32_1.1.1.202309131626/tools/bin/../lib/gcc/arm-none-eabi/11.3.1/../../../../arm-none-eabi/lib/thumb/v7e-m+fp/hard\libc_nano.a(libc_a-reallocr.o)
                0x000000000800b87a                _realloc_r
 .text.__sfputc_r
                0x000000000800b8d8       0x2e C:/ST/STM32CubeIDE_1.13.2/STM32CubeIDE/plugins/com.st.stm32cube.ide.mcu.externaltools.gnu-tools-for-stm32.11.3.rel1.win32_1.1.1.202309131626/tools/bin/../lib/gcc/arm-none-eabi/11.3.1/../../../../arm-none-eabi/lib/thumb/v7e-m+fp/hard\libc_nano.a(libc_a-nano-vfprintf.o)
 .text.__sfputs_r
                0x000000000800b906       0x24 C:/ST/STM32CubeIDE_1.13.2/STM32CubeIDE/plugins/com.st.stm32cube.ide.mcu.externaltools.gnu-tools-for-stm32.11.3.rel1.win32_1.1.1.202309131626/tools/bin/../lib/gcc/arm-none-eabi/11.3.1/../../../../arm-none-eabi/lib/thumb/v7e-m+fp/hard\libc_nano.a(libc_a-nano-vfprintf.o)
                0x000000000800b906                __sfputs_r
 *fill*         0x000000000800b92a        0x2 
 .text._vfprintf_r
                0x000000000800b92c      0x234 C:/ST/STM32CubeIDE_1.13.2/STM32CubeIDE/plugins/com.st.stm32cube.ide.mcu.externaltools.gnu-tools-for-stm32.11.3.rel1.win32_1.1.1.202309131626/tools/bin/../lib/gcc/arm-none-eabi/11.3.1/../../../../arm-none-eabi/lib/thumb/v7e-m+fp/hard\libc_nano.a(libc_a-nano-vfprintf.o)
                0x000000000800b92c                _vfprintf_r
                0x000000000800b92c                _vfiprintf_r
 .text.__swbuf_r
                0x000000000800bb60       0x7a C:/ST/STM32CubeIDE_1.13.2/STM32CubeIDE/plugins/com.st.stm32cube.ide.mcu.externaltools.gnu-tools-for-stm32.11.3.rel1.win32_1.1.1.202309131626/tools/bin/../lib/gcc/arm-none-eabi/11.3.1/../../../../arm-none-eabi/lib/thumb/v7e-m+fp/hard\libc_nano.a(libc_a-wbuf.o)
                0x000000000800bb60                __swbuf_r
 *fill*         0x000000000800bbda        0x2 
 .text.__swsetup_r
                0x000000000800bbdc       0xb0 C:/ST/STM32CubeIDE_1.13.2/STM32CubeIDE/plugins/com.st.stm32cube.ide.mcu.externaltools.gnu-tools-for-stm32.11.3.rel1.win32_1.1.1.202309131626/tools/bin/../lib/gcc/arm-none-eabi/11.3.1/../../../../arm-none-eabi/lib/thumb/v7e-m+fp/hard\libc_nano.a(libc_a-wsetup.o)
                0x000000000800bbdc                __swsetup_r
 .text._raise_r
                0x000000000800bc8c       0x50 C:/ST/STM32CubeIDE_1.13.2/STM32CubeIDE/plugins/com.st.stm32cube.ide.mcu.externaltools.gnu-tools-for-stm32.11.3.rel1.win32_1.1.1.202309131626/tools/bin/../lib/gcc/arm-none-eabi/11.3.1/../../../../arm-none-eabi/lib/thumb/v7e-m+fp/hard\libc_nano.a(libc_a-signal.o)
                0x000000000800bc8c                _raise_r
 .text.raise    0x000000000800bcdc       0x10 C:/ST/STM32CubeIDE_1.13.2/STM32CubeIDE/plugins/com.st.stm32cube.ide.mcu.externaltools.gnu-tools-for-stm32.11.3.rel1.win32_1.1.1.202309131626/tools/bin/../lib/gcc/arm-none-eabi/11.3.1/../../../../arm-none-eabi/lib/thumb/v7e-m+fp/hard\libc_nano.a(libc_a-signal.o)
                0x000000000800bcdc                raise
 .text._kill_r  0x000000000800bcec       0x24 C:/ST/STM32CubeIDE_1.13.2/STM32CubeIDE/plugins/com.st.stm32cube.ide.mcu.externaltools.gnu-tools-for-stm32.11.3.rel1.win32_1.1.1.202309131626/tools/bin/../lib/gcc/arm-none-eabi/11.3.1/../../../../arm-none-eabi/lib/thumb/v7e-m+fp/hard\libc_nano.a(libc_a-signalr.o)
                0x000000000800bcec                _kill_r
 .text._getpid_r
                0x000000000800bd10        0x4 C:/ST/STM32CubeIDE_1.13.2/STM32CubeIDE/plugins/com.st.stm32cube.ide.mcu.externaltools.gnu-tools-for-stm32.11.3.rel1.win32_1.1.1.202309131626/tools/bin/../lib/gcc/arm-none-eabi/11.3.1/../../../../arm-none-eabi/lib/thumb/v7e-m+fp/hard\libc_nano.a(libc_a-signalr.o)
                0x000000000800bd10                _getpid_r
 .text._malloc_usable_size_r
                0x000000000800bd14       0x10 C:/ST/STM32CubeIDE_1.13.2/STM32CubeIDE/plugins/com.st.stm32cube.ide.mcu.externaltools.gnu-tools-for-stm32.11.3.rel1.win32_1.1.1.202309131626/tools/bin/../lib/gcc/arm-none-eabi/11.3.1/../../../../arm-none-eabi/lib/thumb/v7e-m+fp/hard\libc_nano.a(libc_a-msizer.o)
                0x000000000800bd14                _malloc_usable_size_r
 .text.__swhatbuf_r
                0x000000000800bd24       0x4c C:/ST/STM32CubeIDE_1.13.2/STM32CubeIDE/plugins/com.st.stm32cube.ide.mcu.externaltools.gnu-tools-for-stm32.11.3.rel1.win32_1.1.1.202309131626/tools/bin/../lib/gcc/arm-none-eabi/11.3.1/../../../../arm-none-eabi/lib/thumb/v7e-m+fp/hard\libc_nano.a(libc_a-makebuf.o)
                0x000000000800bd24                __swhatbuf_r
 .text.__smakebuf_r
                0x000000000800bd70       0x78 C:/ST/STM32CubeIDE_1.13.2/STM32CubeIDE/plugins/com.st.stm32cube.ide.mcu.externaltools.gnu-tools-for-stm32.11.3.rel1.win32_1.1.1.202309131626/tools/bin/../lib/gcc/arm-none-eabi/11.3.1/../../../../arm-none-eabi/lib/thumb/v7e-m+fp/hard\libc_nano.a(libc_a-makebuf.o)
                0x000000000800bd70                __smakebuf_r
 .text._fstat_r
                0x000000000800bde8       0x24 C:/ST/STM32CubeIDE_1.13.2/STM32CubeIDE/plugins/com.st.stm32cube.ide.mcu.externaltools.gnu-tools-for-stm32.11.3.rel1.win32_1.1.1.202309131626/tools/bin/../lib/gcc/arm-none-eabi/11.3.1/../../../../arm-none-eabi/lib/thumb/v7e-m+fp/hard\libc_nano.a(libc_a-fstatr.o)
                0x000000000800bde8                _fstat_r
 .text._isatty_r
                0x000000000800be0c       0x20 C:/ST/STM32CubeIDE_1.13.2/STM32CubeIDE/plugins/com.st.stm32cube.ide.mcu.externaltools.gnu-tools-for-stm32.11.3.rel1.win32_1.1.1.202309131626/tools/bin/../lib/gcc/arm-none-eabi/11.3.1/../../../../arm-none-eabi/lib/thumb/v7e-m+fp/hard\libc_nano.a(libc_a-isattyr.o)
                0x000000000800be0c                _isatty_r
 *(.glue_7)
 .glue_7        0x000000000800be2c        0x0 linker stubs
 *(.glue_7t)
 .glue_7t       0x000000000800be2c        0x0 linker stubs
 *(.eh_frame)
 .eh_frame      0x000000000800be2c        0x0 C:/ST/STM32CubeIDE_1.13.2/STM32CubeIDE/plugins/com.st.stm32cube.ide.mcu.externaltools.gnu-tools-for-stm32.11.3.rel1.win32_1.1.1.202309131626/tools/bin/../lib/gcc/arm-none-eabi/11.3.1/thumb/v7e-m+fp/hard/crtbegin.o
 *(.init)
 .init          0x000000000800be2c        0x4 C:/ST/STM32CubeIDE_1.13.2/STM32CubeIDE/plugins/com.st.stm32cube.ide.mcu.externaltools.gnu-tools-for-stm32.11.3.rel1.win32_1.1.1.202309131626/tools/bin/../lib/gcc/arm-none-eabi/11.3.1/thumb/v7e-m+fp/hard/crti.o
                0x000000000800be2c                _init
 .init          0x000000000800be30        0x8 C:/ST/STM32CubeIDE_1.13.2/STM32CubeIDE/plugins/com.st.stm32cube.ide.mcu.externaltools.gnu-tools-for-stm32.11.3.rel1.win32_1.1.1.202309131626/tools/bin/../lib/gcc/arm-none-eabi/11.3.1/thumb/v7e-m+fp/hard/crtn.o
 *(.fini)
 .fini          0x000000000800be38        0x4 C:/ST/STM32CubeIDE_1.13.2/STM32CubeIDE/plugins/com.st.stm32cube.ide.mcu.externaltools.gnu-tools-for-stm32.11.3.rel1.win32_1.1.1.202309131626/tools/bin/../lib/gcc/arm-none-eabi/11.3.1/thumb/v7e-m+fp/hard/crti.o
                0x000000000800be38                _fini
 .fini          0x000000000800be3c        0x8 C:/ST/STM32CubeIDE_1.13.2/STM32CubeIDE/plugins/com.st.stm32cube.ide.mcu.externaltools.gnu-tools-for-stm32.11.3.rel1.win32_1.1.1.202309131626/tools/bin/../lib/gcc/arm-none-eabi/11.3.1/thumb/v7e-m+fp/hard/crtn.o
                0x000000000800be44                . = ALIGN (0x4)
                0x000000000800be44                _etext = .

.vfp11_veneer   0x000000000800be44        0x0
 .vfp11_veneer  0x000000000800be44        0x0 linker stubs

.v4_bx          0x000000000800be44        0x0
 .v4_bx         0x000000000800be44        0x0 linker stubs

.iplt           0x000000000800be44        0x0
 .iplt          0x000000000800be44        0x0 C:/ST/STM32CubeIDE_1.13.2/STM32CubeIDE/plugins/com.st.stm32cube.ide.mcu.externaltools.gnu-tools-for-stm32.11.3.rel1.win32_1.1.1.202309131626/tools/bin/../lib/gcc/arm-none-eabi/11.3.1/thumb/v7e-m+fp/hard/crtbegin.o

.rodata         0x000000000800be44      0x30c
                0x000000000800be44                . = ALIGN (0x4)
 *(.rodata)
 .rodata        0x000000000800be44        0xb ./Core/Src/Service/uartService.o
 *fill*         0x000000000800be4f        0x1 
 .rodata        0x000000000800be50       0xdc ./Core/Src/freertos.o
 .rodata        0x000000000800bf2c        0x5 ./Middlewares/Third_Party/FreeRTOS/Source/tasks.o
 *(.rodata*)
 *fill*         0x000000000800bf31        0x3 
 .rodata.AHBPrescTable
                0x000000000800bf34       0x10 ./Core/Src/system_stm32f3xx.o
                0x000000000800bf34                AHBPrescTable
 .rodata.APBPrescTable
                0x000000000800bf44        0x8 ./Core/Src/system_stm32f3xx.o
                0x000000000800bf44                APBPrescTable
 .rodata.aPLLMULFactorTable
                0x000000000800bf4c       0x10 ./Drivers/STM32F3xx_HAL_Driver/Src/stm32f3xx_hal_rcc.o
 .rodata.aPredivFactorTable
                0x000000000800bf5c       0x10 ./Drivers/STM32F3xx_HAL_Driver/Src/stm32f3xx_hal_rcc.o
 .rodata._ctype_
                0x000000000800bf6c      0x101 C:/ST/STM32CubeIDE_1.13.2/STM32CubeIDE/plugins/com.st.stm32cube.ide.mcu.externaltools.gnu-tools-for-stm32.11.3.rel1.win32_1.1.1.202309131626/tools/bin/../lib/gcc/arm-none-eabi/11.3.1/../../../../arm-none-eabi/lib/thumb/v7e-m+fp/hard\libc_nano.a(libc_a-ctype_.o)
                0x000000000800bf6c                _ctype_
 .rodata.strtok.str1.1
                0x000000000800c06d       0x71 C:/ST/STM32CubeIDE_1.13.2/STM32CubeIDE/plugins/com.st.stm32cube.ide.mcu.externaltools.gnu-tools-for-stm32.11.3.rel1.win32_1.1.1.202309131626/tools/bin/../lib/gcc/arm-none-eabi/11.3.1/../../../../arm-none-eabi/lib/thumb/v7e-m+fp/hard\libc_nano.a(libc_a-strtok.o)
 .rodata.__assert_func.str1.1
                0x000000000800c0de       0x3c C:/ST/STM32CubeIDE_1.13.2/STM32CubeIDE/plugins/com.st.stm32cube.ide.mcu.externaltools.gnu-tools-for-stm32.11.3.rel1.win32_1.1.1.202309131626/tools/bin/../lib/gcc/arm-none-eabi/11.3.1/../../../../arm-none-eabi/lib/thumb/v7e-m+fp/hard\libc_nano.a(libc_a-assert.o)
                                         0x3d (size before relaxing)
 .rodata._svfprintf_r.str1.1
                0x000000000800c11a       0x11 C:/ST/STM32CubeIDE_1.13.2/STM32CubeIDE/plugins/com.st.stm32cube.ide.mcu.externaltools.gnu-tools-for-stm32.11.3.rel1.win32_1.1.1.202309131626/tools/bin/../lib/gcc/arm-none-eabi/11.3.1/../../../../arm-none-eabi/lib/thumb/v7e-m+fp/hard\libc_nano.a(libc_a-nano-svfprintf.o)
 .rodata._printf_i.str1.1
                0x000000000800c12b       0x22 C:/ST/STM32CubeIDE_1.13.2/STM32CubeIDE/plugins/com.st.stm32cube.ide.mcu.externaltools.gnu-tools-for-stm32.11.3.rel1.win32_1.1.1.202309131626/tools/bin/../lib/gcc/arm-none-eabi/11.3.1/../../../../arm-none-eabi/lib/thumb/v7e-m+fp/hard\libc_nano.a(libc_a-nano-vfprintf_i.o)
 .rodata._vfprintf_r.str1.1
                0x000000000800c14d       0x11 C:/ST/STM32CubeIDE_1.13.2/STM32CubeIDE/plugins/com.st.stm32cube.ide.mcu.externaltools.gnu-tools-for-stm32.11.3.rel1.win32_1.1.1.202309131626/tools/bin/../lib/gcc/arm-none-eabi/11.3.1/../../../../arm-none-eabi/lib/thumb/v7e-m+fp/hard\libc_nano.a(libc_a-nano-vfprintf.o)
                0x000000000800c160                . = ALIGN (0x4)
 *fill*         0x000000000800c14d        0x3 

.rel.dyn        0x000000000800c150        0x0
 .rel.iplt      0x000000000800c150        0x0 C:/ST/STM32CubeIDE_1.13.2/STM32CubeIDE/plugins/com.st.stm32cube.ide.mcu.externaltools.gnu-tools-for-stm32.11.3.rel1.win32_1.1.1.202309131626/tools/bin/../lib/gcc/arm-none-eabi/11.3.1/thumb/v7e-m+fp/hard/crtbegin.o

.ARM.extab      0x000000000800c150        0x0
                0x000000000800c150                . = ALIGN (0x4)
 *(.ARM.extab* .gnu.linkonce.armextab.*)
                0x000000000800c150                . = ALIGN (0x4)

.ARM            0x000000000800c150        0x0
                0x000000000800c150                . = ALIGN (0x4)
                0x000000000800c150                __exidx_start = .
 *(.ARM.exidx*)
                0x000000000800c150                __exidx_end = .
                0x000000000800c150                . = ALIGN (0x4)

.preinit_array  0x000000000800c150        0x0
                0x000000000800c150                . = ALIGN (0x4)
                0x000000000800c150                PROVIDE (__preinit_array_start = .)
 *(.preinit_array*)
                0x000000000800c150                PROVIDE (__preinit_array_end = .)
                0x000000000800c150                . = ALIGN (0x4)

.init_array     0x000000000800c150        0x4
                0x000000000800c150                . = ALIGN (0x4)
                0x000000000800c150                PROVIDE (__init_array_start = .)
 *(SORT_BY_NAME(.init_array.*))
 *(.init_array*)
 .init_array    0x000000000800c150        0x4 C:/ST/STM32CubeIDE_1.13.2/STM32CubeIDE/plugins/com.st.stm32cube.ide.mcu.externaltools.gnu-tools-for-stm32.11.3.rel1.win32_1.1.1.202309131626/tools/bin/../lib/gcc/arm-none-eabi/11.3.1/thumb/v7e-m+fp/hard/crtbegin.o
                0x000000000800c154                PROVIDE (__init_array_end = .)
                0x000000000800c154                . = ALIGN (0x4)

.fini_array     0x000000000800c154        0x4
                0x000000000800c154                . = ALIGN (0x4)
                [!provide]                        PROVIDE (__fini_array_start = .)
 *(SORT_BY_NAME(.fini_array.*))
 *(.fini_array*)
 .fini_array    0x000000000800c154        0x4 C:/ST/STM32CubeIDE_1.13.2/STM32CubeIDE/plugins/com.st.stm32cube.ide.mcu.externaltools.gnu-tools-for-stm32.11.3.rel1.win32_1.1.1.202309131626/tools/bin/../lib/gcc/arm-none-eabi/11.3.1/thumb/v7e-m+fp/hard/crtbegin.o
                [!provide]                        PROVIDE (__fini_array_end = .)
                0x000000000800c158                . = ALIGN (0x4)
                0x000000000800c158                _sidata = LOADADDR (.data)

.data           0x0000000020000000       0x78 load address 0x000000000800c158
                0x0000000020000000                . = ALIGN (0x4)
                0x0000000020000000                _sdata = .
 *(.data)
 *(.data*)
 .data.horizontalMotorHandle
                0x0000000020000000        0x4 ./Core/Src/Service/motorService.o
                0x0000000020000000                horizontalMotorHandle
 .data.verticalMotorHandle
                0x0000000020000004        0x4 ./Core/Src/Service/motorService.o
                0x0000000020000004                verticalMotorHandle
 .data.modeStateHandle
                0x0000000020000008        0x4 ./Core/Src/Service/motorService.o
                0x0000000020000008                modeStateHandle
 .data.SystemCoreClock
                0x000000002000000c        0x4 ./Core/Src/system_stm32f3xx.o
                0x000000002000000c                SystemCoreClock
 .data.uwTickPrio
                0x0000000020000010        0x4 ./Drivers/STM32F3xx_HAL_Driver/Src/stm32f3xx_hal.o
                0x0000000020000010                uwTickPrio
 .data.uwTickFreq
                0x0000000020000014        0x1 ./Drivers/STM32F3xx_HAL_Driver/Src/stm32f3xx_hal.o
                0x0000000020000014                uwTickFreq
 *fill*         0x0000000020000015        0x3 
 .data.uxCriticalNesting
                0x0000000020000018        0x4 ./Middlewares/Third_Party/FreeRTOS/Source/portable/GCC/ARM_CM4F/port.o
 .data.__sglue  0x000000002000001c        0xc C:/ST/STM32CubeIDE_1.13.2/STM32CubeIDE/plugins/com.st.stm32cube.ide.mcu.externaltools.gnu-tools-for-stm32.11.3.rel1.win32_1.1.1.202309131626/tools/bin/../lib/gcc/arm-none-eabi/11.3.1/../../../../arm-none-eabi/lib/thumb/v7e-m+fp/hard\libc_nano.a(libc_a-findfp.o)
                0x000000002000001c                __sglue
 .data._impure_data
                0x0000000020000028       0x4c C:/ST/STM32CubeIDE_1.13.2/STM32CubeIDE/plugins/com.st.stm32cube.ide.mcu.externaltools.gnu-tools-for-stm32.11.3.rel1.win32_1.1.1.202309131626/tools/bin/../lib/gcc/arm-none-eabi/11.3.1/../../../../arm-none-eabi/lib/thumb/v7e-m+fp/hard\libc_nano.a(libc_a-impure.o)
                0x0000000020000028                _impure_data
 .data._impure_ptr
                0x0000000020000074        0x4 C:/ST/STM32CubeIDE_1.13.2/STM32CubeIDE/plugins/com.st.stm32cube.ide.mcu.externaltools.gnu-tools-for-stm32.11.3.rel1.win32_1.1.1.202309131626/tools/bin/../lib/gcc/arm-none-eabi/11.3.1/../../../../arm-none-eabi/lib/thumb/v7e-m+fp/hard\libc_nano.a(libc_a-impure.o)
                0x0000000020000074                _impure_ptr
 *(.RamFunc)
 *(.RamFunc*)
                0x0000000020000078                . = ALIGN (0x4)
                0x0000000020000078                _edata = .

.igot.plt       0x0000000020000078        0x0 load address 0x000000000800c1d0
 .igot.plt      0x0000000020000078        0x0 C:/ST/STM32CubeIDE_1.13.2/STM32CubeIDE/plugins/com.st.stm32cube.ide.mcu.externaltools.gnu-tools-for-stm32.11.3.rel1.win32_1.1.1.202309131626/tools/bin/../lib/gcc/arm-none-eabi/11.3.1/thumb/v7e-m+fp/hard/crtbegin.o
                0x0000000020000078                . = ALIGN (0x4)

.bss            0x0000000020000078     0x20d8 load address 0x000000000800c1d0
                0x0000000020000078                _sbss = .
                0x0000000020000078                __bss_start__ = _sbss
 *(.bss)
 .bss           0x0000000020000078       0x1c C:/ST/STM32CubeIDE_1.13.2/STM32CubeIDE/plugins/com.st.stm32cube.ide.mcu.externaltools.gnu-tools-for-stm32.11.3.rel1.win32_1.1.1.202309131626/tools/bin/../lib/gcc/arm-none-eabi/11.3.1/thumb/v7e-m+fp/hard/crtbegin.o
 *(.bss*)
 .bss.horizontalMotor
                0x0000000020000094        0x8 ./Core/Src/Service/motorService.o
                0x0000000020000094                horizontalMotor
 .bss.verticalMotor
                0x000000002000009c        0x8 ./Core/Src/Service/motorService.o
                0x000000002000009c                verticalMotor
 .bss.modeState
                0x00000000200000a4        0x3 ./Core/Src/Service/motorService.o
                0x00000000200000a4                modeState
 *fill*         0x00000000200000a7        0x1 
 .bss.limitSwitch
                0x00000000200000a8        0x3 ./Core/Src/Service/sensorService.o
                0x00000000200000a8                limitSwitch
 *fill*         0x00000000200000ab        0x1 
 .bss.measurement
                0x00000000200000ac        0x8 ./Core/Src/Service/sensorService.o
                0x00000000200000ac                measurement
 .bss.RxBuffor  0x00000000200000b4        0x9 ./Core/Src/Service/uartService.o
                0x00000000200000b4                RxBuffor
 *fill*         0x00000000200000bd        0x3 
 .bss.TxBuffor  0x00000000200000c0       0x14 ./Core/Src/Service/uartService.o
                0x00000000200000c0                TxBuffor
 .bss.TxSize    0x00000000200000d4        0x2 ./Core/Src/Service/uartService.o
                0x00000000200000d4                TxSize
 *fill*         0x00000000200000d6        0x2 
 .bss.hadc1     0x00000000200000d8       0x50 ./Core/Src/adc.o
                0x00000000200000d8                hadc1
 .bss.hdma_adc1
                0x0000000020000128       0x44 ./Core/Src/adc.o
                0x0000000020000128                hdma_adc1
 .bss.RxUARTHandle
                0x000000002000016c        0x4 ./Core/Src/freertos.o
                0x000000002000016c                RxUARTHandle
 .bss.ADC2ResistanceHandle
                0x0000000020000170        0x4 ./Core/Src/freertos.o
                0x0000000020000170                ADC2ResistanceHandle
 .bss.MotorControlHandle
                0x0000000020000174        0x4 ./Core/Src/freertos.o
                0x0000000020000174                MotorControlHandle
 .bss.LimiterHandlingHandle
                0x0000000020000178        0x4 ./Core/Src/freertos.o
                0x0000000020000178                LimiterHandlingHandle
 .bss.TxUARTHandle
                0x000000002000017c        0x4 ./Core/Src/freertos.o
                0x000000002000017c                TxUARTHandle
 .bss.LDRResistanceHandle
                0x0000000020000180        0x4 ./Core/Src/freertos.o
                0x0000000020000180                LDRResistanceHandle
 .bss.MotorControlSemaphoreHandle
                0x0000000020000184        0x4 ./Core/Src/freertos.o
                0x0000000020000184                MotorControlSemaphoreHandle
 .bss.LimiterSemaphoreHandle
                0x0000000020000188        0x4 ./Core/Src/freertos.o
                0x0000000020000188                LimiterSemaphoreHandle
 .bss.RxUARTSemaphoreHandle
                0x000000002000018c        0x4 ./Core/Src/freertos.o
                0x000000002000018c                RxUARTSemaphoreHandle
 .bss.xIdleTaskTCBBuffer
                0x0000000020000190       0x54 ./Core/Src/freertos.o
 .bss.xIdleStack
                0x00000000200001e4      0x200 ./Core/Src/freertos.o
 .bss.initializeFlag
                0x00000000200003e4        0x1 ./Core/Src/main.o
                0x00000000200003e4                initializeFlag
 *fill*         0x00000000200003e5        0x3 
 .bss.htim6     0x00000000200003e8       0x4c ./Core/Src/stm32f3xx_hal_timebase_tim.o
                0x00000000200003e8                htim6
 .bss.__sbrk_heap_end
                0x0000000020000434        0x4 ./Core/Src/sysmem.o
 .bss.htim1     0x0000000020000438       0x4c ./Core/Src/tim.o
                0x0000000020000438                htim1
 .bss.htim2     0x0000000020000484       0x4c ./Core/Src/tim.o
                0x0000000020000484                htim2
 .bss.htim15    0x00000000200004d0       0x4c ./Core/Src/tim.o
                0x00000000200004d0                htim15
 .bss.htim16    0x000000002000051c       0x4c ./Core/Src/tim.o
                0x000000002000051c                htim16
 .bss.huart1    0x0000000020000568       0x88 ./Core/Src/usart.o
                0x0000000020000568                huart1
 .bss.huart2    0x00000000200005f0       0x88 ./Core/Src/usart.o
                0x00000000200005f0                huart2
 .bss.hdma_usart1_rx
                0x0000000020000678       0x44 ./Core/Src/usart.o
                0x0000000020000678                hdma_usart1_rx
 .bss.hdma_usart1_tx
                0x00000000200006bc       0x44 ./Core/Src/usart.o
                0x00000000200006bc                hdma_usart1_tx
 .bss.hdma_usart2_rx
                0x0000000020000700       0x44 ./Core/Src/usart.o
                0x0000000020000700                hdma_usart2_rx
 .bss.uwTick    0x0000000020000744        0x4 ./Drivers/STM32F3xx_HAL_Driver/Src/stm32f3xx_hal.o
                0x0000000020000744                uwTick
 .bss.pxCurrentTCB
                0x0000000020000748        0x4 ./Middlewares/Third_Party/FreeRTOS/Source/tasks.o
                0x0000000020000748                pxCurrentTCB
 .bss.pxReadyTasksLists